<html>
<body>
<pre>
<h1>µVision Build Log</h1>
<h2>Project:</h2>
U:\kmoy\ME218A Project\ME218A Project Framework\ProjectFramework.uvproj
Project File Date:  10/22/2014

<h2>Output:</h2>
Rebuild target 'BaseFrameworkTarget'
compiling main.c...
compiling EventCheckers.c...
compiling DisarmFSM.c...
assembling startup_rvmdk.S...
compiling ES_CheckEvents.c...
compiling ES_DeferRecall.c...
compiling ES_Framework.c...
compiling ES_LookupTables.c...
compiling ES_Port.c...
compiling ES_PostList.c...
compiling ES_Queue.c...
compiling ES_Timers.c...
compiling retarget.c...
compiling termio.c...
compiling uartstdio.c...
linking...
Program Size: Code=5804 RO-data=740 RW-data=44 ZI-data=2204  
After Build - User command #1: fromelf --bin --output .\Outputs\BaseTarget.bin .\Outputs\BaseTarget.axf
".\Outputs\BaseTarget.axf" - 0 Error(s), 0 Warning(s).
Load "U:\\kmoy\\ME218A Project\\ME218A Project Framework\\Outputs\\BaseTarget.axf" 
Connecting: Mode=JTAG, Speed=1000000Hz
Erase Done.
Programming Done.
Verify OK.
Load "U:\\kmoy\\ME218A Project\\ME218A Project Framework\\Outputs\\BaseTarget.axf" 
Connecting: Mode=JTAG, Speed=1000000Hz
Erase Done.
Programming Done.
Verify OK.

".\Outputs\BaseTarget.axf" - 2 Error(s), 1 Warning(s).
Target not created

compiling termio.c...
compiling uartstdio.c...
".\Outputs\BaseTarget.axf" - 3 Error(s), 1 Warning(s).
Target not created
mFSM.c(198): error:  #20: identifier "Locked" is undefined
              CurrentState = Locked;
Source\DisarmFSM.c(230): error:  #20: identifier "TemplateState_t" is undefined
  TemplateState_t QueryTemplateFSM ( void )
Source\DisarmFSM.c: 0 warnings, 8 errors
assembling startup_rvmdk.S...
compiling ES_CheckEvents.c...
compiling ES_DeferRecall.c...
compiling ES_Framework.c...
compiling ES_LookupTables.c...
compiling ES_Port.c...
compiling ES_PostList.c...
compiling ES_Queue.c...
compiling ES_Timers.c...
compiling retarget.c...
compiling termio.c...
compiling uartstdio.c...
".\Outputs\BaseTarget.axf" - 9 Error(s), 1 Warning(s).
Target not created
