Product: MDK-ARM Lite 5.10
Component: ARM Compiler 5.04 update 1 (build 49)
Tool: armlink [5040049]

==============================================================================

Section Cross References

    main.o(i.main) refers to _printf_percent.o(.ARM.Collect$$_printf_percent$$00000000) for _printf_percent
    main.o(i.main) refers to _printf_s.o(.ARM.Collect$$_printf_percent$$00000014) for _printf_s
    main.o(i.main) refers to _printf_str.o(.text) for _printf_str
    main.o(i.main) refers to sysctl.o(i.SysCtlClockSet) for SysCtlClockSet
    main.o(i.main) refers to termio.o(i.TERMIO_Init) for TERMIO_Init
    main.o(i.main) refers to noretval__2printf.o(.text) for __2printf
    main.o(i.main) refers to puts.o(.text) for puts
    main.o(i.main) refers to es_framework.o(i.ES_Initialize) for ES_Initialize
    main.o(i.main) refers to es_framework.o(i.ES_Run) for ES_Run
    eventcheckers.o(i.Check4Keystroke) refers to termio.o(i.kbhit) for kbhit
    eventcheckers.o(i.Check4Keystroke) refers to getc.o(.text) for getc
    eventcheckers.o(i.Check4Keystroke) refers to disarmfsm.o(i.PostDisarmFSM) for PostDisarmFSM
    eventcheckers.o(i.Check4Keystroke) refers to retarget.o(.data) for __stdin
    disarmfsm.o(i.InitDisarmFSM) refers to es_framework.o(i.ES_PostToService) for ES_PostToService
    disarmfsm.o(i.InitDisarmFSM) refers to disarmfsm.o(.data) for .data
    disarmfsm.o(i.PostDisarmFSM) refers to es_framework.o(i.ES_PostToService) for ES_PostToService
    disarmfsm.o(i.PostDisarmFSM) refers to disarmfsm.o(.data) for .data
    disarmfsm.o(i.QueryDisarmFSM) refers to disarmfsm.o(.data) for .data
    disarmfsm.o(i.RunDisarmFSM) refers to noretval__2printf.o(.text) for __2printf
    disarmfsm.o(i.RunDisarmFSM) refers to es_timers.o(i.ES_Timer_InitTimer) for ES_Timer_InitTimer
    disarmfsm.o(i.RunDisarmFSM) refers to disarmfsm.o(.data) for .data
    disarmfsm.o(i.RunDisarmFSM) refers to disarmfsm.o(i.PostDisarmFSM) for PostDisarmFSM
    startup_rvmdk.o(STACK) refers (Special) to heapauxi.o(.text) for __use_two_region_memory
    startup_rvmdk.o(HEAP) refers (Special) to heapauxi.o(.text) for __use_two_region_memory
    startup_rvmdk.o(RESET) refers (Special) to heapauxi.o(.text) for __use_two_region_memory
    startup_rvmdk.o(RESET) refers to startup_rvmdk.o(STACK) for StackMem
    startup_rvmdk.o(RESET) refers to es_port.o(i.SysTickIntHandler) for SysTickIntHandler
    startup_rvmdk.o(RESET) refers to __main.o(!!!main) for __main
    startup_rvmdk.o(.text) refers (Special) to heapauxi.o(.text) for __use_two_region_memory
    startup_rvmdk.o(.text) refers to startup_rvmdk.o(HEAP) for HeapMem
    startup_rvmdk.o(.text) refers to startup_rvmdk.o(STACK) for StackMem
    es_checkevents.o(i.ES_CheckUserEvents) refers to es_checkevents.o(.constdata) for .constdata
    es_checkevents.o(.constdata) refers to eventcheckers.o(i.Check4Keystroke) for Check4Keystroke
    es_deferrecall.o(i.ES_RecallEvents) refers to es_queue.o(i.ES_DeQueue) for ES_DeQueue
    es_deferrecall.o(i.ES_RecallEvents) refers to es_framework.o(i.ES_PostToServiceLIFO) for ES_PostToServiceLIFO
    es_framework.o(i.ES_Initialize) refers to es_timers.o(i.ES_Timer_Init) for ES_Timer_Init
    es_framework.o(i.ES_Initialize) refers to es_queue.o(i.ES_InitQueue) for ES_InitQueue
    es_framework.o(i.ES_Initialize) refers to es_framework.o(.constdata) for .constdata
    es_framework.o(i.ES_PostAll) refers to es_queue.o(i.ES_EnQueueFIFO) for ES_EnQueueFIFO
    es_framework.o(i.ES_PostAll) refers to es_framework.o(.constdata) for .constdata
    es_framework.o(i.ES_PostAll) refers to es_lookuptables.o(.constdata) for BitNum2SetMask
    es_framework.o(i.ES_PostAll) refers to es_framework.o(.data) for .data
    es_framework.o(i.ES_PostToService) refers to es_queue.o(i.ES_EnQueueFIFO) for ES_EnQueueFIFO
    es_framework.o(i.ES_PostToService) refers to es_framework.o(.constdata) for .constdata
    es_framework.o(i.ES_PostToService) refers to es_lookuptables.o(.constdata) for BitNum2SetMask
    es_framework.o(i.ES_PostToService) refers to es_framework.o(.data) for .data
    es_framework.o(i.ES_PostToServiceLIFO) refers to es_queue.o(i.ES_EnQueueLIFO) for ES_EnQueueLIFO
    es_framework.o(i.ES_PostToServiceLIFO) refers to es_framework.o(.constdata) for .constdata
    es_framework.o(i.ES_PostToServiceLIFO) refers to es_lookuptables.o(.constdata) for BitNum2SetMask
    es_framework.o(i.ES_PostToServiceLIFO) refers to es_framework.o(.data) for .data
    es_framework.o(i.ES_Run) refers to es_lookuptables.o(i.ES_GetMSBitSet) for ES_GetMSBitSet
    es_framework.o(i.ES_Run) refers to es_queue.o(i.ES_DeQueue) for ES_DeQueue
    es_framework.o(i.ES_Run) refers to es_port.o(i._HW_Process_Pending_Ints) for _HW_Process_Pending_Ints
    es_framework.o(i.ES_Run) refers to es_checkevents.o(i.ES_CheckUserEvents) for ES_CheckUserEvents
    es_framework.o(i.ES_Run) refers to es_framework.o(.data) for .data
[...]
    gpio.o(i.GPIOPinTypeGPIOInput) refers to gpio.o(i.GPIODirModeSet) for GPIODirModeSet
    gpio.o(i.GPIOPinTypeGPIOInput) refers to gpio.o(i.GPIOPadConfigSet) for GPIOPadConfigSet
    gpio.o(i.GPIOPinTypeGPIOOutput) refers to gpio.o(i.GPIOPadConfigSet) for GPIOPadConfigSet
    gpio.o(i.GPIOPinTypeGPIOOutput) refers to gpio.o(i.GPIODirModeSet) for GPIODirModeSet
    gpio.o(i.GPIOPinTypeGPIOOutputOD) refers to gpio.o(i.GPIOPadConfigSet) for GPIOPadConfigSet
    gpio.o(i.GPIOPinTypeGPIOOutputOD) refers to gpio.o(i.GPIODirModeSet) for GPIODirModeSet
    gpio.o(i.GPIOPinTypeI2C) refers to gpio.o(i.GPIODirModeSet) for GPIODirModeSet
    gpio.o(i.GPIOPinTypeI2C) refers to gpio.o(i.GPIOPadConfigSet) for GPIOPadConfigSet
    gpio.o(i.GPIOPinTypeI2CSCL) refers to gpio.o(i.GPIODirModeSet) for GPIODirModeSet
    gpio.o(i.GPIOPinTypeI2CSCL) refers to gpio.o(i.GPIOPadConfigSet) for GPIOPadConfigSet
    gpio.o(i.GPIOPinTypeKBColumn) refers to gpio.o(i.GPIODirModeSet) for GPIODirModeSet
    gpio.o(i.GPIOPinTypeKBColumn) refers to gpio.o(i.GPIOPadConfigSet) for GPIOPadConfigSet
    gpio.o(i.GPIOPinTypeKBRow) refers to gpio.o(i.GPIODirModeSet) for GPIODirModeSet
    gpio.o(i.GPIOPinTypeKBRow) refers to gpio.o(i.GPIOPadConfigSet) for GPIOPadConfigSet
    gpio.o(i.GPIOPinTypeLCD) refers to gpio.o(i.GPIODirModeSet) for GPIODirModeSet
    gpio.o(i.GPIOPinTypeLCD) refers to gpio.o(i.GPIOPadConfigSet) for GPIOPadConfigSet
    gpio.o(i.GPIOPinTypeLEDSeq) refers to gpio.o(i.GPIODirModeSet) for GPIODirModeSet
    gpio.o(i.GPIOPinTypeLEDSeq) refers to gpio.o(i.GPIOPadConfigSet) for GPIOPadConfigSet
    gpio.o(i.GPIOPinTypeLPC) refers to gpio.o(i.GPIODirModeSet) for GPIODirModeSet
    gpio.o(i.GPIOPinTypeLPC) refers to gpio.o(i.GPIOPadConfigSet) for GPIOPadConfigSet
    gpio.o(i.GPIOPinTypePECIRx) refers to gpio.o(i.GPIODirModeSet) for GPIODirModeSet
    gpio.o(i.GPIOPinTypePECIRx) refers to gpio.o(i.GPIOPadConfigSet) for GPIOPadConfigSet
    gpio.o(i.GPIOPinTypePECITx) refers to gpio.o(i.GPIODirModeSet) for GPIODirModeSet
    gpio.o(i.GPIOPinTypePECITx) refers to gpio.o(i.GPIOPadConfigSet) for GPIOPadConfigSet
    gpio.o(i.GPIOPinTypePWM) refers to gpio.o(i.GPIODirModeSet) for GPIODirModeSet
    gpio.o(i.GPIOPinTypePWM) refers to gpio.o(i.GPIOPadConfigSet) for GPIOPadConfigSet
    gpio.o(i.GPIOPinTypeQEI) refers to gpio.o(i.GPIODirModeSet) for GPIODirModeSet
    gpio.o(i.GPIOPinTypeQEI) refers to gpio.o(i.GPIOPadConfigSet) for GPIOPadConfigSet
    gpio.o(i.GPIOPinTypeSSI) refers to gpio.o(i.GPIODirModeSet) for GPIODirModeSet
    gpio.o(i.GPIOPinTypeSSI) refers to gpio.o(i.GPIOPadConfigSet) for GPIOPadConfigSet
    gpio.o(i.GPIOPinTypeTimer) refers to gpio.o(i.GPIODirModeSet) for GPIODirModeSet
    gpio.o(i.GPIOPinTypeTimer) refers to gpio.o(i.GPIOPadConfigSet) for GPIOPadConfigSet
    gpio.o(i.GPIOPinTypeUART) refers to gpio.o(i.GPIODirModeSet) for GPIODirModeSet
    gpio.o(i.GPIOPinTypeUART) refers to gpio.o(i.GPIOPadConfigSet) for GPIOPadConfigSet
    gpio.o(i.GPIOPinTypeUSBAnalog) refers to gpio.o(i.GPIODirModeSet) for GPIODirModeSet
    gpio.o(i.GPIOPinTypeUSBAnalog) refers to gpio.o(i.GPIOPadConfigSet) for GPIOPadConfigSet
    gpio.o(i.GPIOPinTypeUSBDigital) refers to gpio.o(i.GPIODirModeSet) for GPIODirModeSet
    gpio.o(i.GPIOPinTypeUSBDigital) refers to gpio.o(i.GPIOPadConfigSet) for GPIOPadConfigSet
    gpio.o(i.GPIOPinTypeWakeHigh) refers to gpio.o(i.GPIODirModeSet) for GPIODirModeSet
    gpio.o(i.GPIOPinTypeWakeHigh) refers to gpio.o(i.GPIOPadConfigSet) for GPIOPadConfigSet
    gpio.o(i.GPIOPinTypeWakeLow) refers to gpio.o(i.GPIODirModeSet) for GPIODirModeSet
    gpio.o(i.GPIOPinTypeWakeLow) refers to gpio.o(i.GPIOPadConfigSet) for GPIOPadConfigSet
    interrupt.o(i.IntDisable) refers to interrupt.o(.constdata) for .constdata
    interrupt.o(i.IntEnable) refers to interrupt.o(.constdata) for .constdata
    interrupt.o(i.IntIsEnabled) refers to interrupt.o(.constdata) for .constdata
    interrupt.o(i.IntMasterDisable) refers to cpu.o(.emb_text) for CPUcpsid
    interrupt.o(i.IntMasterEnable) refers to cpu.o(.emb_text) for CPUcpsie
    interrupt.o(i.IntPendClear) refers to interrupt.o(.constdata) for .constdata
    interrupt.o(i.IntPendSet) refers to interrupt.o(.constdata) for .constdata
    interrupt.o(i.IntPriorityGet) refers to interrupt.o(.constdata) for .constdata
    interrupt.o(i.IntPriorityGroupingGet) refers to interrupt.o(.constdata) for .constdata
    interrupt.o(i.IntPriorityGroupingSet) refers to interrupt.o(.constdata) for .constdata
    interrupt.o(i.IntPriorityMaskGet) refers to cpu.o(.emb_text) for CPUbasepriGet
    interrupt.o(i.IntPriorityMaskSet) refers to cpu.o(.emb_text) for CPUbasepriSet
    interrupt.o(i.IntPrioritySet) refers to interrupt.o(.constdata) for .constdata
    interrupt.o(i.IntRegister) refers to interrupt.o(vtable) for vtable
    interrupt.o(i.IntUnregister) refers to interrupt.o(i._IntDefaultHandler) for _IntDefaultHandler
    interrupt.o(i.IntUnregister) refers to interrupt.o(vtable) for vtable
    sysctl.o(i.SysCtlClockFreqSet) refers to sysctl.o(.constdata) for .constdata
    sysctl.o(i.SysCtlClockGet) refers to sysctl.o(.constdata) for .constdata
    sysctl.o(i.SysCtlClockSet) refers to sysctl.o(.emb_text) for SysCtlDelay
    sysctl.o(i.SysCtlDeepSleep) refers to cpu.o(.emb_text) for CPUwfi
    sysctl.o(i.SysCtlIntRegister) refers to interrupt.o(i.IntRegister) for IntRegister
    sysctl.o(i.SysCtlIntRegister) refers to interrupt.o(i.IntEnable) for IntEnable
    sysctl.o(i.SysCtlIntUnregister) refers to interrupt.o(i.IntDisable) for IntDisable
    sysctl.o(i.SysCtlIntUnregister) refers to interrupt.o(i.IntUnregister) for IntUnregister
    sysctl.o(i.SysCtlSleep) refers to cpu.o(.emb_text) for CPUwfi
    systick.o(i.SysTickIntRegister) refers to interrupt.o(i.IntRegister) for IntRegister
    systick.o(i.SysTickIntUnregister) refers to interrupt.o(i.IntUnregister) for IntUnregister
    uart.o(i.UARTIntRegister) refers to interrupt.o(i.IntRegister) for IntRegister
    uart.o(i.UARTIntRegister) refers to interrupt.o(i.IntEnable) for IntEnable
    uart.o(i.UARTIntRegister) refers to uart.o(.constdata) for .constdata
    uart.o(i.UARTIntUnregister) refers to interrupt.o(i.IntDisable) for IntDisable
    uart.o(i.UARTIntUnregister) refers to interrupt.o(i.IntUnregister) for IntUnregister
    uart.o(i.UARTIntUnregister) refers to uart.o(.constdata) for .constdata
    __2printf.o(.text) refers to _printf_char_file.o(.text) for _printf_char_file
    __2printf.o(.text) refers to retarget.o(.data) for __stdout
    noretval__2printf.o(.text) refers to _printf_char_file.o(.text) for _printf_char_file
    noretval__2printf.o(.text) refers to retarget.o(.data) for __stdout
    __printf.o(.text) refers to _printf_percent.o(.ARM.Collect$$_printf_percent$$00000000) for _printf_percent
    _printf_str.o(.text) refers (Special) to _printf_char.o(.text) for _printf_cs_common
    __printf_flags.o(.text) refers to _printf_percent.o(.ARM.Collect$$_printf_percent$$00000000) for _printf_percent
    __printf_flags.o(.text) refers to __printf_flags.o(.constdata) for .constdata
    __printf_ss.o(.text) refers to _printf_percent.o(.ARM.Collect$$_printf_percent$$00000000) for _printf_percent
    __printf_flags_ss.o(.text) refers to _printf_percent.o(.ARM.Collect$$_printf_percent$$00000000) for _printf_percent
    __printf_flags_ss.o(.text) refers to __printf_flags_ss.o(.constdata) for .constdata
    __printf_wp.o(.text) refers to __printf_wp.o(i._is_digit) for _is_digit
    __printf_wp.o(.text) refers to _printf_percent.o(.ARM.Collect$$_printf_percent$$00000000) for _printf_percent
    __printf_flags_wp.o(.text) refers to __printf_wp.o(i._is_digit) for _is_digit
    __printf_flags_wp.o(.text) refers to _printf_percent.o(.ARM.Collect$$_printf_percent$$00000000) for _printf_percent
    __printf_flags_wp.o(.text) refers to __printf_flags_wp.o(.constdata) for .constdata
    __printf_ss_wp.o(.text) refers to __printf_wp.o(i._is_digit) for _is_digit
    __printf_ss_wp.o(.text) refers to _printf_percent.o(.ARM.Collect$$_printf_percent$$00000000) for _printf_percent
    __printf_flags_ss_wp.o(.text) refers to __printf_wp.o(i._is_digit) for _is_digit
    __printf_flags_ss_wp.o(.text) refers to _printf_percent.o(.ARM.Collect$$_printf_percent$$00000000) for _printf_percent
    __printf_flags_ss_wp.o(.text) refers to __printf_flags_ss_wp.o(.constdata) for .constdata
    _printf_s.o(.ARM.Collect$$_printf_percent$$00000014) refers (Weak) to _printf_char.o(.text) for _printf_string
    _printf_percent.o(.ARM.Collect$$_printf_percent$$00000000) refers (Special) to _printf_percent_end.o(.ARM.Collect$$_printf_percent$$00000017) for _printf_percent_end
    getc.o(.text) refers to retarget.o(i.fgetc) for fgetc
    puts.o(.text) refers to retarget.o(i.fputc) for fputc
    puts.o(.text) refers to retarget.o(.data) for __stdout
    __main.o(!!!main) refers to rtentry.o(.ARM.Collect$$rtentry$$00000000) for __rt_entry
    rtentry.o(.ARM.Collect$$rtentry$$00000000) refers (Special) to rtentry2.o(.ARM.Collect$$rtentry$$0000000A) for __rt_entry_li
    rtentry.o(.ARM.Collect$$rtentry$$00000000) refers (Special) to rtentry2.o(.ARM.Collect$$rtentry$$0000000D) for __rt_entry_main
    rtentry.o(.ARM.Collect$$rtentry$$00000000) refers (Special) to rtentry2.o(.ARM.Collect$$rtentry$$0000000C) for __rt_entry_postli_1
    rtentry.o(.ARM.Collect$$rtentry$$00000000) refers (Special) to rtentry2.o(.ARM.Collect$$rtentry$$00000009) for __rt_entry_postsh_1
    rtentry.o(.ARM.Collect$$rtentry$$00000000) refers (Special) to rtentry2.o(.ARM.Collect$$rtentry$$00000002) for __rt_entry_presh_1
    rtentry.o(.ARM.Collect$$rtentry$$00000000) refers (Special) to rtentry4.o(.ARM.Collect$$rtentry$$00000004) for __rt_entry_sh
    _printf_char.o(.text) refers (Weak) to _printf_str.o(.text) for _printf_str
    _printf_char_file.o(.text) refers to _printf_char_common.o(.text) for _printf_char_common
    _printf_char_file.o(.text) refers to retarget.o(i.ferror) for ferror
    _printf_char_file.o(.text) refers to retarget.o(i.fputc) for fputc
    rtentry2.o(.ARM.Collect$$rtentry$$00000008) refers to boardinit2.o(.text) for _platform_post_stackheap_init
    rtentry2.o(.ARM.Collect$$rtentry$$0000000A) refers to libinit.o(.ARM.Collect$$libinit$$00000000) for __rt_lib_init
    rtentry2.o(.ARM.Collect$$rtentry$$0000000B) refers to boardinit3.o(.text) for _platform_post_lib_init
    rtentry2.o(.ARM.Collect$$rtentry$$0000000D) refers to main.o(i.main) for main
    rtentry2.o(.ARM.Collect$$rtentry$$0000000D) refers to exit.o(.text) for exit
    rtentry2.o(.ARM.exidx) refers to rtentry2.o(.ARM.Collect$$rtentry$$00000001) for .ARM.Collect$$rtentry$$00000001
    rtentry2.o(.ARM.exidx) refers to rtentry2.o(.ARM.Collect$$rtentry$$00000008) for .ARM.Collect$$rtentry$$00000008
    rtentry2.o(.ARM.exidx) refers to rtentry2.o(.ARM.Collect$$rtentry$$0000000A) for .ARM.Collect$$rtentry$$0000000A
    rtentry2.o(.ARM.exidx) refers to rtentry2.o(.ARM.Collect$$rtentry$$0000000B) for .ARM.Collect$$rtentry$$0000000B
    rtentry2.o(.ARM.exidx) refers to rtentry2.o(.ARM.Collect$$rtentry$$0000000D) for .ARM.Collect$$rtentry$$0000000D
    rtentry4.o(.ARM.Collect$$rtentry$$00000004) refers to sys_stackheap_outer.o(.text) for __user_setup_stackheap
    rtentry4.o(.ARM.exidx) refers to rtentry4.o(.ARM.Collect$$rtentry$$00000004) for .ARM.Collect$$rtentry$$00000004
    _printf_char_common.o(.text) refers to __printf.o(.text) for __printf
    sys_stackheap_outer.o(.text) refers to libspace.o(.text) for __user_perproc_libspace
    sys_stackheap_outer.o(.text) refers to startup_rvmdk.o(.text) for __user_initial_stackheap
    exit.o(.text) refers to rtexit.o(.ARM.Collect$$rtexit$$00000000) for __rt_exit
    libinit.o(.ARM.Collect$$libinit$$00000000) refers (Special) to libinit2.o(.ARM.Collect$$libinit$$0000002C) for __rt_lib_init_alloca_1
    libinit.o(.ARM.Collect$$libinit$$00000000) refers (Special) to libinit2.o(.ARM.Collect$$libinit$$0000002A) for __rt_lib_init_argv_1
    libinit.o(.ARM.Collect$$libinit$$00000000) refers (Special) to libinit2.o(.ARM.Collect$$libinit$$00000019) for __rt_lib_init_atexit_1
    libinit.o(.ARM.Collect$$libinit$$00000000) refers (Special) to libinit2.o(.ARM.Collect$$libinit$$0000001F) for __rt_lib_init_clock_1
    libinit.o(.ARM.Collect$$libinit$$00000000) refers (Special) to libinit2.o(.ARM.Collect$$libinit$$00000030) for __rt_lib_init_cpp_1
    libinit.o(.ARM.Collect$$libinit$$00000000) refers (Special) to libinit2.o(.ARM.Collect$$libinit$$0000002E) for __rt_lib_init_exceptions_1
    libinit.o(.ARM.Collect$$libinit$$00000000) refers (Special) to libinit2.o(.ARM.Collect$$libinit$$00000001) for __rt_lib_init_fp_1
    libinit.o(.ARM.Collect$$libinit$$00000000) refers (Special) to libinit2.o(.ARM.Collect$$libinit$$0000001D) for __rt_lib_init_fp_trap_1
    libinit.o(.ARM.Collect$$libinit$$00000000) refers (Special) to libinit2.o(.ARM.Collect$$libinit$$00000021) for __rt_lib_init_getenv_1
    libinit.o(.ARM.Collect$$libinit$$00000000) refers (Special) to libinit2.o(.ARM.Collect$$libinit$$00000008) for __rt_lib_init_heap_1
    libinit.o(.ARM.Collect$$libinit$$00000000) refers (Special) to libinit2.o(.ARM.Collect$$libinit$$0000000F) for __rt_lib_init_lc_collate_1
    libinit.o(.ARM.Collect$$libinit$$00000000) refers (Special) to libinit2.o(.ARM.Collect$$libinit$$00000011) for __rt_lib_init_lc_ctype_1
    libinit.o(.ARM.Collect$$libinit$$00000000) refers (Special) to libinit2.o(.ARM.Collect$$libinit$$00000013) for __rt_lib_init_lc_monetary_1
    libinit.o(.ARM.Collect$$libinit$$00000000) refers (Special) to libinit2.o(.ARM.Collect$$libinit$$00000015) for __rt_lib_init_lc_numeric_1
    libinit.o(.ARM.Collect$$libinit$$00000000) refers (Special) to libinit2.o(.ARM.Collect$$libinit$$00000017) for __rt_lib_init_lc_time_1
    libinit.o(.ARM.Collect$$libinit$$00000000) refers (Special) to libinit2.o(.ARM.Collect$$libinit$$0000000C) for __rt_lib_init_rand_1
    libinit.o(.ARM.Collect$$libinit$$00000000) refers (Special) to libinit2.o(.ARM.Collect$$libinit$$00000031) for __rt_lib_init_return
    libinit.o(.ARM.Collect$$libinit$$00000000) refers (Special) to libinit2.o(.ARM.Collect$$libinit$$0000001B) for __rt_lib_init_signal_1
    libinit.o(.ARM.Collect$$libinit$$00000000) refers (Special) to libinit2.o(.ARM.Collect$$libinit$$00000023) for __rt_lib_init_stdio_1
    libinit.o(.ARM.Collect$$libinit$$00000000) refers (Special) to libinit2.o(.ARM.Collect$$libinit$$0000000A) for __rt_lib_init_user_alloc_1
    libspace.o(.text) refers to libspace.o(.bss) for __libspace_start
    rtexit.o(.ARM.Collect$$rtexit$$00000000) refers (Special) to rtexit2.o(.ARM.Collect$$rtexit$$00000004) for __rt_exit_exit
    rtexit.o(.ARM.Collect$$rtexit$$00000000) refers (Special) to rtexit2.o(.ARM.Collect$$rtexit$$00000003) for __rt_exit_ls
    rtexit.o(.ARM.Collect$$rtexit$$00000000) refers (Special) to rtexit2.o(.ARM.Collect$$rtexit$$00000002) for __rt_exit_prels_1
    rtexit.o(.ARM.exidx) refers (Special) to rtexit2.o(.ARM.Collect$$rtexit$$00000004) for __rt_exit_exit
    rtexit.o(.ARM.exidx) refers (Special) to rtexit2.o(.ARM.Collect$$rtexit$$00000003) for __rt_exit_ls
    rtexit.o(.ARM.exidx) refers (Special) to rtexit2.o(.ARM.Collect$$rtexit$$00000002) for __rt_exit_prels_1
    rtexit.o(.ARM.exidx) refers to rtexit.o(.ARM.Collect$$rtexit$$00000000) for .ARM.Collect$$rtexit$$00000000
    libinit2.o(.ARM.Collect$$libinit$$00000001) refers to fpinit.o(x$fpl$fpinit) for _fp_init
    libinit2.o(.ARM.Collect$$libinit$$0000000E) refers to libinit2.o(.ARM.Collect$$libinit$$0000000D) for .ARM.Collect$$libinit$$0000000D
    libinit2.o(.ARM.Collect$$libinit$$00000010) refers to libinit2.o(.ARM.Collect$$libinit$$0000000D) for .ARM.Collect$$libinit$$0000000D
    libinit2.o(.ARM.Collect$$libinit$$00000012) refers to libinit2.o(.ARM.Collect$$libinit$$0000000D) for .ARM.Collect$$libinit$$0000000D
    libinit2.o(.ARM.Collect$$libinit$$00000014) refers to libinit2.o(.ARM.Collect$$libinit$$0000000D) for .ARM.Collect$$libinit$$0000000D
    libinit2.o(.ARM.Collect$$libinit$$00000016) refers to libinit2.o(.ARM.Collect$$libinit$$0000000D) for .ARM.Collect$$libinit$$0000000D
    libinit2.o(.ARM.Collect$$libinit$$00000024) refers to argv_veneer.o(.emb_text) for __ARM_argv_veneer
    libinit2.o(.ARM.Collect$$libinit$$00000025) refers to argv_veneer.o(.emb_text) for __ARM_argv_veneer
    rtexit2.o(.ARM.Collect$$rtexit$$00000003) refers to libshutdown.o(.ARM.Collect$$libshutdown$$00000000) for __rt_lib_shutdown
    rtexit2.o(.ARM.Collect$$rtexit$$00000004) refers to retarget.o(i._sys_exit) for _sys_exit
    rtexit2.o(.ARM.exidx) refers to rtexit2.o(.ARM.Collect$$rtexit$$00000001) for .ARM.Collect$$rtexit$$00000001
    rtexit2.o(.ARM.exidx) refers to rtexit2.o(.ARM.Collect$$rtexit$$00000003) for .ARM.Collect$$rtexit$$00000003
    rtexit2.o(.ARM.exidx) refers to rtexit2.o(.ARM.Collect$$rtexit$$00000004) for .ARM.Collect$$rtexit$$00000004
    argv_veneer.o(.emb_text) refers to no_argv.o(.text) for __ARM_get_argv
    _get_argv_nomalloc.o(.text) refers (Special) to hrguard.o(.text) for __heap_region$guard
    _get_argv_nomalloc.o(.text) refers to defsig_rtmem_outer.o(.text) for __rt_SIGRTMEM
    _get_argv_nomalloc.o(.text) refers to sys_command.o(.text) for _sys_command_string
    libshutdown.o(.ARM.Collect$$libshutdown$$00000000) refers (Special) to libshutdown2.o(.ARM.Collect$$libshutdown$$00000006) for __rt_lib_shutdown_fp_trap_1
    libshutdown.o(.ARM.Collect$$libshutdown$$00000000) refers (Special) to libshutdown2.o(.ARM.Collect$$libshutdown$$0000000E) for __rt_lib_shutdown_heap_1
    libshutdown.o(.ARM.Collect$$libshutdown$$00000000) refers (Special) to libshutdown2.o(.ARM.Collect$$libshutdown$$0000000F) for __rt_lib_shutdown_return
    libshutdown.o(.ARM.Collect$$libshutdown$$00000000) refers (Special) to libshutdown2.o(.ARM.Collect$$libshutdown$$00000009) for __rt_lib_shutdown_signal_1
    libshutdown.o(.ARM.Collect$$libshutdown$$00000000) refers (Special) to libshutdown2.o(.ARM.Collect$$libshutdown$$00000003) for __rt_lib_shutdown_stdio_1
    libshutdown.o(.ARM.Collect$$libshutdown$$00000000) refers (Special) to libshutdown2.o(.ARM.Collect$$libshutdown$$0000000B) for __rt_lib_shutdown_user_alloc_1
    sys_command.o(.text) refers (Special) to use_no_semi.o(.text) for __I$use$semihosting
    sys_command.o(.text) refers (Special) to indicate_semi.o(.text) for __semihosting_library_function
    defsig_rtmem_outer.o(.text) refers to defsig_rtmem_inner.o(.text) for __rt_SIGRTMEM_inner
    defsig_rtmem_outer.o(.text) refers to defsig_exit.o(.text) for __sig_exit
    defsig_rtmem_formal.o(.text) refers to rt_raise.o(.text) for __rt_raise
    rt_raise.o(.text) refers to __raise.o(.text) for __raise
    rt_raise.o(.text) refers to retarget.o(i._sys_exit) for _sys_exit
    defsig_exit.o(.text) refers to retarget.o(i._sys_exit) for _sys_exit
    defsig_rtmem_inner.o(.text) refers to defsig_general.o(.text) for __default_signal_display
    __raise.o(.text) refers to defsig.o(CL$$defsig) for __default_signal_handler
    defsig_general.o(.text) refers to retarget.o(i._ttywrch) for _ttywrch
    defsig.o(CL$$defsig) refers to defsig_rtmem_inner.o(.text) for __rt_SIGRTMEM_inner
    defsig_abrt_inner.o(.text) refers to defsig_general.o(.text) for __default_signal_display
    defsig_fpe_inner.o(.text) refers to defsig_general.o(.text) for __default_signal_display
    defsig_rtred_inner.o(.text) refers to defsig_general.o(.text) for __default_signal_display
    defsig_stak_inner.o(.text) refers to defsig_general.o(.text) for __default_signal_display
    defsig_pvfn_inner.o(.text) refers to defsig_general.o(.text) for __default_signal_display
    defsig_cppl_inner.o(.text) refers to defsig_general.o(.text) for __default_signal_display
    defsig_segv_inner.o(.text) refers to defsig_general.o(.text) for __default_signal_display
    defsig_other.o(.text) refers to defsig_general.o(.text) for __default_signal_display


==============================================================================

Removing Unused input sections from the image.

    Removing disarmfsm.o(i.QueryDisarmFSM), (12 bytes).
    Removing es_deferrecall.o(i.ES_RecallEvents), (44 bytes).
    Removing es_framework.o(i.ES_PostAll), (72 bytes).
    Removing es_framework.o(i.ES_PostToServiceLIFO), (48 bytes).
    Removing es_port.o(i.ConsoleInit), (80 bytes).
    Removing es_port.o(i._HW_GetTickCount), (12 bytes).
    Removing es_postlist.o(i.ES_PostList00), (48 bytes).
    Removing es_postlist.o(.constdata), (4 bytes).
    Removing es_queue.o(i.ES_EnQueueLIFO), (72 bytes).
    Removing es_queue.o(i.ES_IsQueueEmpty), (12 bytes).
    Removing es_timers.o(i.ES_Timer_GetTime), (4 bytes).
    Removing es_timers.o(i.ES_Timer_SetTimer), (40 bytes).
    Removing es_timers.o(i.ES_Timer_StartTimer), (48 bytes).
    Removing es_timers.o(i.ES_Timer_StopTimer), (36 bytes).
    Removing retarget.o(i._ttywrch), (6 bytes).
    Removing uartstdio.o(i.UARTgets), (132 bytes).
    Removing uartstdio.o(i.UARTprintf), (18 bytes).
    Removing uartstdio.o(i.UARTvprintf), (436 bytes).
    Removing uartstdio.o(i.UARTwrite), (60 bytes).
    Removing gpio.o(i.GPIOADCTriggerDisable), (14 bytes).
    Removing gpio.o(i.GPIOADCTriggerEnable), (14 bytes).
    Removing gpio.o(i.GPIODMATriggerDisable), (14 bytes).
    Removing gpio.o(i.GPIODMATriggerEnable), (14 bytes).
    Removing gpio.o(i.GPIODirModeGet), (34 bytes).
    Removing gpio.o(i.GPIOIntClear), (6 bytes).
    Removing gpio.o(i.GPIOIntDisable), (14 bytes).
    Removing gpio.o(i.GPIOIntEnable), (14 bytes).
    Removing gpio.o(i.GPIOIntRegister), (88 bytes).
    Removing gpio.o(i.GPIOIntStatus), (14 bytes).
    Removing gpio.o(i.GPIOIntTypeGet), (68 bytes).
    Removing gpio.o(i.GPIOIntTypeSet), (80 bytes).
    Removing gpio.o(i.GPIOIntUnregister), (88 bytes).
    Removing gpio.o(i.GPIOPadConfigGet), (204 bytes).
    Removing gpio.o(i.GPIOPinRead), (6 bytes).
    Removing gpio.o(i.GPIOPinTypeADC), (28 bytes).
    Removing gpio.o(i.GPIOPinTypeCAN), (28 bytes).
    Removing gpio.o(i.GPIOPinTypeCIR), (28 bytes).
    Removing gpio.o(i.GPIOPinTypeComparator), (28 bytes).
    Removing gpio.o(i.GPIOPinTypeEPI), (28 bytes).
    Removing gpio.o(i.GPIOPinTypeEthernetLED), (28 bytes).
    Removing gpio.o(i.GPIOPinTypeEthernetMII), (28 bytes).
    Removing gpio.o(i.GPIOPinTypeGPIOInput), (28 bytes).
    Removing gpio.o(i.GPIOPinTypeGPIOOutput), (28 bytes).
    Removing gpio.o(i.GPIOPinTypeGPIOOutputOD), (28 bytes).
    Removing gpio.o(i.GPIOPinTypeI2C), (28 bytes).
    Removing gpio.o(i.GPIOPinTypeI2CSCL), (28 bytes).
    Removing gpio.o(i.GPIOPinTypeKBColumn), (28 bytes).
    Removing gpio.o(i.GPIOPinTypeKBRow), (28 bytes).
    Removing gpio.o(i.GPIOPinTypeLCD), (28 bytes).
    Removing gpio.o(i.GPIOPinTypeLEDSeq), (28 bytes).
    Removing gpio.o(i.GPIOPinTypeLPC), (28 bytes).
    Removing gpio.o(i.GPIOPinTypePECIRx), (28 bytes).
    Removing gpio.o(i.GPIOPinTypePECITx), (28 bytes).
    Removing gpio.o(i.GPIOPinTypePWM), (28 bytes).
    Removing gpio.o(i.GPIOPinTypeQEI), (28 bytes).
    Removing gpio.o(i.GPIOPinTypeSSI), (28 bytes).
    Removing gpio.o(i.GPIOPinTypeTimer), (28 bytes).
    Removing gpio.o(i.GPIOPinTypeUSBAnalog), (28 bytes).
    Removing gpio.o(i.GPIOPinTypeUSBDigital), (28 bytes).
    Removing gpio.o(i.GPIOPinTypeWakeHigh), (30 bytes).
    Removing gpio.o(i.GPIOPinTypeWakeLow), (30 bytes).
    Removing gpio.o(i.GPIOPinWakeStatus), (6 bytes).
    Removing gpio.o(i.GPIOPinWrite), (6 bytes).
    Removing interrupt.o(i.IntDisable), (100 bytes).
    Removing interrupt.o(i.IntEnable), (100 bytes).
    Removing interrupt.o(i.IntIsEnabled), (96 bytes).
    Removing interrupt.o(i.IntMasterDisable), (14 bytes).
    Removing interrupt.o(i.IntPendClear), (68 bytes).
    Removing interrupt.o(i.IntPendSet), (84 bytes).
    Removing interrupt.o(i.IntPriorityGet), (28 bytes).
    Removing interrupt.o(i.IntPriorityGroupingGet), (36 bytes).
    Removing interrupt.o(i.IntPriorityGroupingSet), (28 bytes).
    Removing interrupt.o(i.IntPriorityMaskGet), (4 bytes).
    Removing interrupt.o(i.IntPriorityMaskSet), (4 bytes).
    Removing interrupt.o(i.IntPrioritySet), (40 bytes).
    Removing interrupt.o(i.IntRegister), (52 bytes).
    Removing interrupt.o(i.IntTrigger), (12 bytes).
    Removing interrupt.o(i.IntUnregister), (20 bytes).
    Removing interrupt.o(i._IntDefaultHandler), (2 bytes).
    Removing interrupt.o(.constdata), (268 bytes).
    Removing interrupt.o(vtable), (620 bytes).
    Removing sysctl.o(i.SysCtlAltClkConfig), (12 bytes).
    Removing sysctl.o(i.SysCtlClockFreqSet), (712 bytes).
    Removing sysctl.o(i.SysCtlClockGet), (356 bytes).
    Removing sysctl.o(i.SysCtlClockOutConfig), (16 bytes).
    Removing sysctl.o(i.SysCtlDeepSleep), (32 bytes).
    Removing sysctl.o(i.SysCtlDeepSleepClockConfigSet), (112 bytes).
    Removing sysctl.o(i.SysCtlDeepSleepClockSet), (12 bytes).
    Removing sysctl.o(i.SysCtlDeepSleepPowerSet), (12 bytes).
    Removing sysctl.o(i.SysCtlFlashSectorSizeGet), (56 bytes).
    Removing sysctl.o(i.SysCtlFlashSizeGet), (56 bytes).
    Removing sysctl.o(i.SysCtlGPIOAHBDisable), (28 bytes).
    Removing sysctl.o(i.SysCtlGPIOAHBEnable), (24 bytes).
    Removing sysctl.o(i.SysCtlIntClear), (12 bytes).
    Removing sysctl.o(i.SysCtlIntDisable), (16 bytes).
    Removing sysctl.o(i.SysCtlIntEnable), (16 bytes).
    Removing sysctl.o(i.SysCtlIntRegister), (20 bytes).
    Removing sysctl.o(i.SysCtlIntStatus), (16 bytes).
    Removing sysctl.o(i.SysCtlIntUnregister), (18 bytes).
    Removing sysctl.o(i.SysCtlLDODeepSleepGet), (12 bytes).
    Removing sysctl.o(i.SysCtlLDODeepSleepSet), (12 bytes).
    Removing sysctl.o(i.SysCtlLDOSleepGet), (12 bytes).
    Removing sysctl.o(i.SysCtlLDOSleepSet), (12 bytes).
    Removing sysctl.o(i.SysCtlMOSCConfigSet), (12 bytes).
    Removing sysctl.o(i.SysCtlNMIClear), (16 bytes).
    Removing sysctl.o(i.SysCtlNMIStatus), (12 bytes).
    Removing sysctl.o(i.SysCtlPIOSCCalibrate), (76 bytes).
    Removing sysctl.o(i.SysCtlPWMClockGet), (24 bytes).
    Removing sysctl.o(i.SysCtlPWMClockSet), (20 bytes).
    Removing sysctl.o(i.SysCtlPeripheralClockGating), (68 bytes).
    Removing sysctl.o(i.SysCtlPeripheralDeepSleepDisable), (40 bytes).
    Removing sysctl.o(i.SysCtlPeripheralDeepSleepEnable), (40 bytes).
    Removing sysctl.o(i.SysCtlPeripheralDisable), (40 bytes).
    Removing sysctl.o(i.SysCtlPeripheralPowerOff), (40 bytes).
    Removing sysctl.o(i.SysCtlPeripheralPowerOn), (40 bytes).
    Removing sysctl.o(i.SysCtlPeripheralPresent), (44 bytes).
    Removing sysctl.o(i.SysCtlPeripheralReady), (44 bytes).
    Removing sysctl.o(i.SysCtlPeripheralReset), (60 bytes).
    Removing sysctl.o(i.SysCtlPeripheralSleepDisable), (40 bytes).
    Removing sysctl.o(i.SysCtlPeripheralSleepEnable), (40 bytes).
    Removing sysctl.o(i.SysCtlReset), (16 bytes).
    Removing sysctl.o(i.SysCtlResetBehaviorGet), (12 bytes).
    Removing sysctl.o(i.SysCtlResetBehaviorSet), (12 bytes).
    Removing sysctl.o(i.SysCtlResetCauseClear), (16 bytes).
    Removing sysctl.o(i.SysCtlResetCauseGet), (12 bytes).
    Removing sysctl.o(i.SysCtlSRAMSizeGet), (16 bytes).
    Removing sysctl.o(i.SysCtlSleep), (4 bytes).
    Removing sysctl.o(i.SysCtlSleepPowerSet), (12 bytes).
    Removing sysctl.o(i.SysCtlUSBPLLDisable), (16 bytes).
    Removing sysctl.o(i.SysCtlUSBPLLEnable), (16 bytes).
    Removing sysctl.o(i.SysCtlVoltageEventClear), (16 bytes).
    Removing sysctl.o(i.SysCtlVoltageEventConfig), (12 bytes).
    Removing sysctl.o(i.SysCtlVoltageEventStatus), (12 bytes).
    Removing sysctl.o(.constdata), (452 bytes).
    Removing systick.o(i.SysTickDisable), (14 bytes).
    Removing systick.o(i.SysTickIntDisable), (14 bytes).
    Removing systick.o(i.SysTickIntRegister), (24 bytes).
    Removing systick.o(i.SysTickIntUnregister), (18 bytes).
    Removing systick.o(i.SysTickPeriodGet), (10 bytes).
    Removing systick.o(i.SysTickValueGet), (8 bytes).
    Removing uart.o(i.UART9BitAddrSend), (38 bytes).
    Removing uart.o(i.UART9BitAddrSet), (10 bytes).
    Removing uart.o(i.UART9BitDisable), (14 bytes).
    Removing uart.o(i.UART9BitEnable), (14 bytes).
    Removing uart.o(i.UARTBreakCtl), (18 bytes).
    Removing uart.o(i.UARTBusy), (8 bytes).
    Removing uart.o(i.UARTCharGet), (12 bytes).
    Removing uart.o(i.UARTCharGetNonBlocking), (16 bytes).
    Removing uart.o(i.UARTCharPutNonBlocking), (16 bytes).
    Removing uart.o(i.UARTCharsAvail), (10 bytes).
    Removing uart.o(i.UARTClockSourceGet), (6 bytes).
    Removing uart.o(i.UARTConfigGetExpClk), (46 bytes).
    Removing uart.o(i.UARTConfigSetExpClk), (110 bytes).
    Removing uart.o(i.UARTDMADisable), (10 bytes).
    Removing uart.o(i.UARTDMAEnable), (8 bytes).
    Removing uart.o(i.UARTDisable), (30 bytes).
    Removing uart.o(i.UARTDisableSIR), (10 bytes).
    Removing uart.o(i.UARTEnable), (20 bytes).
    Removing uart.o(i.UARTEnableSIR), (18 bytes).
    Removing uart.o(i.UARTFIFODisable), (10 bytes).
    Removing uart.o(i.UARTFIFOEnable), (10 bytes).
    Removing uart.o(i.UARTFIFOLevelGet), (16 bytes).
    Removing uart.o(i.UARTFIFOLevelSet), (6 bytes).
    Removing uart.o(i.UARTFlowControlGet), (8 bytes).
    Removing uart.o(i.UARTFlowControlSet), (12 bytes).
    Removing uart.o(i.UARTIntClear), (4 bytes).
    Removing uart.o(i.UARTIntDisable), (10 bytes).
    Removing uart.o(i.UARTIntEnable), (8 bytes).
    Removing uart.o(i.UARTIntRegister), (88 bytes).
    Removing uart.o(i.UARTIntStatus), (10 bytes).
    Removing uart.o(i.UARTIntUnregister), (88 bytes).
    Removing uart.o(i.UARTModemControlClear), (14 bytes).
    Removing uart.o(i.UARTModemControlGet), (8 bytes).
    Removing uart.o(i.UARTModemControlSet), (12 bytes).
    Removing uart.o(i.UARTModemStatusGet), (10 bytes).
    Removing uart.o(i.UARTParityModeGet), (8 bytes).
    Removing uart.o(i.UARTParityModeSet), (12 bytes).
    Removing uart.o(i.UARTRxErrorClear), (6 bytes).
    Removing uart.o(i.UARTRxErrorGet), (8 bytes).
    Removing uart.o(i.UARTSmartCardDisable), (10 bytes).
    Removing uart.o(i.UARTSmartCardEnable), (22 bytes).
    Removing uart.o(i.UARTSpaceAvail), (10 bytes).
    Removing uart.o(i.UARTTxIntModeGet), (8 bytes).
    Removing uart.o(i.UARTTxIntModeSet), (12 bytes).
    Removing uart.o(.constdata), (128 bytes).
    Removing es_port.o(i.CPUgetFAULTMASK_cpsid), (8 bytes).
    Removing es_port.o(i.CPUsetFAULTMASK), (6 bytes).

187 unused section(s) (total 8112 bytes) removed from the image.

==============================================================================

Image Symbol Table

    Local Symbols

    Symbol Name                              Value     Ov Type        Size  Object(Section)

    RESET                                    0x00000000   Section      648  startup_rvmdk.o(RESET)
    ../clib/angel/boardlib.s                 0x00000000   Number         0  boardinit1.o ABSOLUTE
    ../clib/angel/boardlib.s                 0x00000000   Number         0  boardinit2.o ABSOLUTE
    ../clib/angel/boardlib.s                 0x00000000   Number         0  boardshut.o ABSOLUTE
    ../clib/angel/boardlib.s                 0x00000000   Number         0  boardinit3.o ABSOLUTE
    ../clib/angel/handlers.s                 0x00000000   Number         0  __scatter_zi.o ABSOLUTE
    ../clib/angel/handlers.s                 0x00000000   Number         0  __scatter_copy.o ABSOLUTE
    ../clib/angel/kernel.s                   0x00000000   Number         0  rtentry2.o ABSOLUTE
    ../clib/angel/kernel.s                   0x00000000   Number         0  rtentry.o ABSOLUTE
    ../clib/angel/kernel.s                   0x00000000   Number         0  rtentry4.o ABSOLUTE
    ../clib/angel/kernel.s                   0x00000000   Number         0  rtexit.o ABSOLUTE
    ../clib/angel/kernel.s                   0x00000000   Number         0  rtexit2.o ABSOLUTE
    ../clib/angel/rt.s                       0x00000000   Number         0  rt_raise.o ABSOLUTE
    ../clib/angel/scatter.s                  0x00000000   Number         0  __scatter.o ABSOLUTE
    ../clib/angel/startup.s                  0x00000000   Number         0  __main.o ABSOLUTE
    ../clib/angel/sys.s                      0x00000000   Number         0  use_no_semi.o ABSOLUTE
    ../clib/angel/sys.s                      0x00000000   Number         0  sys_stackheap_outer.o ABSOLUTE
    ../clib/angel/sys.s                      0x00000000   Number         0  libspace.o ABSOLUTE
    ../clib/angel/sys.s                      0x00000000   Number         0  indicate_semi.o ABSOLUTE
    ../clib/angel/sysapp.c                   0x00000000   Number         0  sys_command.o ABSOLUTE
    ../clib/armsys.c                         0x00000000   Number         0  argv_veneer.o ABSOLUTE
    ../clib/armsys.c                         0x00000000   Number         0  no_argv.o ABSOLUTE
    ../clib/armsys.c                         0x00000000   Number         0  _get_argv_nomalloc.o ABSOLUTE
    ../clib/armsys.c                         0x00000000   Number         0  argv_veneer.o ABSOLUTE
    ../clib/heapalloc.c                      0x00000000   Number         0  hrguard.o ABSOLUTE
    ../clib/heapaux.c                        0x00000000   Number         0  heapauxi.o ABSOLUTE
    ../clib/libinit.s                        0x00000000   Number         0  libshutdown2.o ABSOLUTE
    ../clib/libinit.s                        0x00000000   Number         0  libinit2.o ABSOLUTE
    ../clib/libinit.s                        0x00000000   Number         0  libinit.o ABSOLUTE
    ../clib/libinit.s                        0x00000000   Number         0  libshutdown.o ABSOLUTE
    ../clib/printf.c                         0x00000000   Number         0  __printf_flags_ss.o ABSOLUTE
    ../clib/printf.c                         0x00000000   Number         0  __printf_ss.o ABSOLUTE
    ../clib/printf.c                         0x00000000   Number         0  __printf_ss_wp.o ABSOLUTE
    ../clib/printf.c                         0x00000000   Number         0  __printf_flags.o ABSOLUTE
    ../clib/printf.c                         0x00000000   Number         0  _printf_str.o ABSOLUTE
    ../clib/printf.c                         0x00000000   Number         0  __printf_flags_wp.o ABSOLUTE
    ../clib/printf.c                         0x00000000   Number         0  __printf_nopercent.o ABSOLUTE
    ../clib/printf.c                         0x00000000   Number         0  _printf_char_common.o ABSOLUTE
    ../clib/printf.c                         0x00000000   Number         0  noretval__2printf.o ABSOLUTE
    ../clib/printf.c                         0x00000000   Number         0  __printf.o ABSOLUTE
    ../clib/printf.c                         0x00000000   Number         0  __2printf.o ABSOLUTE
    ../clib/printf.c                         0x00000000   Number         0  _printf_char.o ABSOLUTE
    ../clib/printf.c                         0x00000000   Number         0  __printf_wp.o ABSOLUTE
    ../clib/printf.c                         0x00000000   Number         0  __printf_flags_ss_wp.o ABSOLUTE
    ../clib/printf.c                         0x00000000   Number         0  _printf_char_file.o ABSOLUTE
    ../clib/printf_percent.s                 0x00000000   Number         0  _printf_percent_end.o ABSOLUTE
    ../clib/printf_percent.s                 0x00000000   Number         0  _printf_s.o ABSOLUTE
    ../clib/printf_percent.s                 0x00000000   Number         0  _printf_percent.o ABSOLUTE
    ../clib/signal.c                         0x00000000   Number         0  defsig_other.o ABSOLUTE
    ../clib/signal.c                         0x00000000   Number         0  __raise.o ABSOLUTE
    ../clib/signal.c                         0x00000000   Number         0  defsig_cppl_inner.o ABSOLUTE
    ../clib/signal.c                         0x00000000   Number         0  defsig_pvfn_inner.o ABSOLUTE
    ../clib/signal.c                         0x00000000   Number         0  defsig_stak_inner.o ABSOLUTE
    ../clib/signal.c                         0x00000000   Number         0  defsig_rtred_inner.o ABSOLUTE
    ../clib/signal.c                         0x00000000   Number         0  defsig_fpe_inner.o ABSOLUTE
    ../clib/signal.c                         0x00000000   Number         0  defsig_abrt_inner.o ABSOLUTE
    ../clib/signal.c                         0x00000000   Number         0  defsig_general.o ABSOLUTE
    ../clib/signal.c                         0x00000000   Number         0  defsig_rtmem_inner.o ABSOLUTE
    ../clib/signal.c                         0x00000000   Number         0  defsig_exit.o ABSOLUTE
    ../clib/signal.c                         0x00000000   Number         0  defsig_rtmem_formal.o ABSOLUTE
    ../clib/signal.c                         0x00000000   Number         0  defsig_rtmem_outer.o ABSOLUTE
    ../clib/signal.c                         0x00000000   Number         0  defsig_segv_inner.o ABSOLUTE
    ../clib/signal.s                         0x00000000   Number         0  defsig.o ABSOLUTE
    ../clib/stdio.c                          0x00000000   Number         0  getc.o ABSOLUTE
    ../clib/stdio.c                          0x00000000   Number         0  puts.o ABSOLUTE
    ../clib/stdlib.c                         0x00000000   Number         0  exit.o ABSOLUTE
    ../fplib/fpinit.s                        0x00000000   Number         0  fpinit.o ABSOLUTE
    Source\DisarmFSM.c                       0x00000000   Number         0  disarmfsm.o ABSOLUTE
    Source\ES_CheckEvents.c                  0x00000000   Number         0  es_checkevents.o ABSOLUTE
    Source\ES_DeferRecall.c                  0x00000000   Number         0  es_deferrecall.o ABSOLUTE
    Source\ES_Framework.c                    0x00000000   Number         0  es_framework.o ABSOLUTE
    Source\ES_LookupTables.c                 0x00000000   Number         0  es_lookuptables.o ABSOLUTE
    Source\ES_Port.c                         0x00000000   Number         0  es_port.o ABSOLUTE
    Source\ES_PostList.c                     0x00000000   Number         0  es_postlist.o ABSOLUTE
    Source\ES_Queue.c                        0x00000000   Number         0  es_queue.o ABSOLUTE
    Source\ES_Timers.c                       0x00000000   Number         0  es_timers.o ABSOLUTE
    Source\EventCheckers.c                   0x00000000   Number         0  eventcheckers.o ABSOLUTE
    Source\main.c                            0x00000000   Number         0  main.o ABSOLUTE
    Source\retarget.c                        0x00000000   Number         0  retarget.o ABSOLUTE
    Source\termio.c                          0x00000000   Number         0  termio.o ABSOLUTE
    Source\uartstdio.c                       0x00000000   Number         0  uartstdio.o ABSOLUTE
    StartUp\startup_rvmdk.S                  0x00000000   Number         0  startup_rvmdk.o ABSOLUTE
    cpu.c                                    0x00000000   Number         0  cpu.o ABSOLUTE
    cpu.c                                    0x00000000   Number         0  cpu.o ABSOLUTE
    dc.s                                     0x00000000   Number         0  dc.o ABSOLUTE
    gpio.c                                   0x00000000   Number         0  gpio.o ABSOLUTE
    interrupt.c                              0x00000000   Number         0  interrupt.o ABSOLUTE
    sysctl.c                                 0x00000000   Number         0  sysctl.o ABSOLUTE
    sysctl.c                                 0x00000000   Number         0  sysctl.o ABSOLUTE
    systick.c                                0x00000000   Number         0  systick.o ABSOLUTE
    uart.c                                   0x00000000   Number         0  uart.o ABSOLUTE
    $v0                                      0x0000026c   Number         0  startup_rvmdk.o(RESET)
    NmiSR                                    0x00000281   Thumb Code     0  startup_rvmdk.o(RESET)
    FaultISR                                 0x00000283   Thumb Code     0  startup_rvmdk.o(RESET)
    IntDefaultHandler                        0x00000285   Thumb Code     0  startup_rvmdk.o(RESET)
    !!!main                                  0x00000288   Section        8  __main.o(!!!main)
    !!!scatter                               0x00000290   Section       52  __scatter.o(!!!scatter)
    !!handler_copy                           0x000002c4   Section       26  __scatter_copy.o(!!handler_copy)
    !!handler_zi                             0x000002e0   Section       28  __scatter_zi.o(!!handler_zi)
    .ARM.Collect$$_printf_percent$$00000000  0x000002fc   Section        0  _printf_percent.o(.ARM.Collect$$_printf_percent$$00000000)
    .ARM.Collect$$_printf_percent$$00000014  0x000002fc   Section        6  _printf_s.o(.ARM.Collect$$_printf_percent$$00000014)
    .ARM.Collect$$_printf_percent$$00000017  0x00000302   Section        4  _printf_percent_end.o(.ARM.Collect$$_printf_percent$$00000017)
    .ARM.Collect$$libinit$$00000000          0x00000306   Section        2  libinit.o(.ARM.Collect$$libinit$$00000000)
    .ARM.Collect$$libinit$$00000001          0x00000308   Section        4  libinit2.o(.ARM.Collect$$libinit$$00000001)
    .ARM.Collect$$libinit$$00000008          0x0000030c   Section        0  libinit2.o(.ARM.Collect$$libinit$$00000008)
    .ARM.Collect$$libinit$$0000000A          0x0000030c   Section        0  libinit2.o(.ARM.Collect$$libinit$$0000000A)
    .ARM.Collect$$libinit$$0000000C          0x0000030c   Section        0  libinit2.o(.ARM.Collect$$libinit$$0000000C)
    .ARM.Collect$$libinit$$0000000F          0x0000030c   Section        0  libinit2.o(.ARM.Collect$$libinit$$0000000F)
    .ARM.Collect$$libinit$$00000011          0x0000030c   Section        0  libinit2.o(.ARM.Collect$$libinit$$00000011)
    .ARM.Collect$$libinit$$00000013          0x0000030c   Section        0  libinit2.o(.ARM.Collect$$libinit$$00000013)
    .ARM.Collect$$libinit$$00000015          0x0000030c   Section        0  libinit2.o(.ARM.Collect$$libinit$$00000015)
    .ARM.Collect$$libinit$$00000017          0x0000030c   Section        0  libinit2.o(.ARM.Collect$$libinit$$00000017)
    .ARM.Collect$$libinit$$00000019          0x0000030c   Section        0  libinit2.o(.ARM.Collect$$libinit$$00000019)
    .ARM.Collect$$libinit$$0000001B          0x0000030c   Section        0  libinit2.o(.ARM.Collect$$libinit$$0000001B)
    .ARM.Collect$$libinit$$0000001D          0x0000030c   Section        0  libinit2.o(.ARM.Collect$$libinit$$0000001D)
    .ARM.Collect$$libinit$$0000001F          0x0000030c   Section        0  libinit2.o(.ARM.Collect$$libinit$$0000001F)
    .ARM.Collect$$libinit$$00000021          0x0000030c   Section        0  libinit2.o(.ARM.Collect$$libinit$$00000021)
    .ARM.Collect$$libinit$$00000023          0x0000030c   Section        0  libinit2.o(.ARM.Collect$$libinit$$00000023)
    .ARM.Collect$$libinit$$0000002A          0x0000030c   Section        0  libinit2.o(.ARM.Collect$$libinit$$0000002A)
    .ARM.Collect$$libinit$$0000002C          0x0000030c   Section        0  libinit2.o(.ARM.Collect$$libinit$$0000002C)
    .ARM.Collect$$libinit$$0000002E          0x0000030c   Section        0  libinit2.o(.ARM.Collect$$libinit$$0000002E)
    .ARM.Collect$$libinit$$00000030          0x0000030c   Section        0  libinit2.o(.ARM.Collect$$libinit$$00000030)
    .ARM.Collect$$libinit$$00000031          0x0000030c   Section        2  libinit2.o(.ARM.Collect$$libinit$$00000031)
    .ARM.Collect$$libshutdown$$00000000      0x0000030e   Section        2  libshutdown.o(.ARM.Collect$$libshutdown$$00000000)
    .ARM.Collect$$libshutdown$$00000003      0x00000310   Section        0  libshutdown2.o(.ARM.Collect$$libshutdown$$00000003)
    .ARM.Collect$$libshutdown$$00000006      0x00000310   Section        0  libshutdown2.o(.ARM.Collect$$libshutdown$$00000006)
    .ARM.Collect$$libshutdown$$00000009      0x00000310   Section        0  libshutdown2.o(.ARM.Collect$$libshutdown$$00000009)
    .ARM.Collect$$libshutdown$$0000000B      0x00000310   Section        0  libshutdown2.o(.ARM.Collect$$libshutdown$$0000000B)
    .ARM.Collect$$libshutdown$$0000000E      0x00000310   Section        0  libshutdown2.o(.ARM.Collect$$libshutdown$$0000000E)
    .ARM.Collect$$libshutdown$$0000000F      0x00000310   Section        2  libshutdown2.o(.ARM.Collect$$libshutdown$$0000000F)
    .ARM.Collect$$rtentry$$00000000          0x00000312   Section        0  rtentry.o(.ARM.Collect$$rtentry$$00000000)
    .ARM.Collect$$rtentry$$00000002          0x00000312   Section        0  rtentry2.o(.ARM.Collect$$rtentry$$00000002)
    .ARM.Collect$$rtentry$$00000004          0x00000312   Section        6  rtentry4.o(.ARM.Collect$$rtentry$$00000004)
    .ARM.Collect$$rtentry$$00000009          0x00000318   Section        0  rtentry2.o(.ARM.Collect$$rtentry$$00000009)
    .ARM.Collect$$rtentry$$0000000A          0x00000318   Section        4  rtentry2.o(.ARM.Collect$$rtentry$$0000000A)
    .ARM.Collect$$rtentry$$0000000C          0x0000031c   Section        0  rtentry2.o(.ARM.Collect$$rtentry$$0000000C)
    .ARM.Collect$$rtentry$$0000000D          0x0000031c   Section        8  rtentry2.o(.ARM.Collect$$rtentry$$0000000D)
    .ARM.Collect$$rtexit$$00000000           0x00000324   Section        2  rtexit.o(.ARM.Collect$$rtexit$$00000000)
    .ARM.Collect$$rtexit$$00000002           0x00000326   Section        0  rtexit2.o(.ARM.Collect$$rtexit$$00000002)
    .ARM.Collect$$rtexit$$00000003           0x00000326   Section        4  rtexit2.o(.ARM.Collect$$rtexit$$00000003)
    .ARM.Collect$$rtexit$$00000004           0x0000032a   Section        6  rtexit2.o(.ARM.Collect$$rtexit$$00000004)
    .emb_text                                0x00000330   Section        6  sysctl.o(.emb_text)
    $v0                                      0x00000330   Number         0  sysctl.o(.emb_text)
    .emb_text                                0x00000338   Section       38  cpu.o(.emb_text)
    $v0                                      0x00000338   Number         0  cpu.o(.emb_text)
    .text                                    0x00000360   Section       24  startup_rvmdk.o(.text)
    $v0                                      0x00000360   Number         0  startup_rvmdk.o(.text)
    .text                                    0x00000378   Section        2  use_no_semi.o(.text)
    .text                                    0x0000037c   Section        0  noretval__2printf.o(.text)
    .text                                    0x00000394   Section        0  __printf.o(.text)
    .text                                    0x000003fc   Section        0  _printf_str.o(.text)
    .text                                    0x0000044e   Section        0  getc.o(.text)
    .text                                    0x00000454   Section        0  puts.o(.text)
    .text                                    0x00000480   Section        0  heapauxi.o(.text)
    .text                                    0x00000486   Section        0  _printf_char.o(.text)
    .text                                    0x000004b4   Section        0  _printf_char_file.o(.text)
    .text                                    0x000004d8   Section        0  _printf_char_common.o(.text)
    _printf_input_char                       0x000004d9   Thumb Code    10  _printf_char_common.o(.text)
    .text                                    0x00000508   Section       74  sys_stackheap_outer.o(.text)
    .text                                    0x00000552   Section        0  exit.o(.text)
    .text                                    0x00000560   Section        8  libspace.o(.text)
    i.CPUgetPRIMASK_cpsid                    0x00000568   Section        0  es_port.o(i.CPUgetPRIMASK_cpsid)
    i.CPUsetPRIMASK                          0x00000570   Section        0  es_port.o(i.CPUsetPRIMASK)
    i.Check4Keystroke                        0x00000578   Section        0  eventcheckers.o(i.Check4Keystroke)
    i.ES_CheckUserEvents                     0x000005d8   Section        0  es_checkevents.o(i.ES_CheckUserEvents)
    i.ES_DeQueue                             0x00000600   Section        0  es_queue.o(i.ES_DeQueue)
    i.ES_EnQueueFIFO                         0x00000654   Section        0  es_queue.o(i.ES_EnQueueFIFO)
    i.ES_GetMSBitSet                         0x0000069c   Section        0  es_lookuptables.o(i.ES_GetMSBitSet)
    i.ES_InitQueue                           0x000006d0   Section        0  es_queue.o(i.ES_InitQueue)
    i.ES_Initialize                          0x000006e0   Section        0  es_framework.o(i.ES_Initialize)
    i.ES_PostToService                       0x0000072c   Section        0  es_framework.o(i.ES_PostToService)
    i.ES_Run                                 0x0000075c   Section        0  es_framework.o(i.ES_Run)
    i.ES_Timer_Init                          0x000007bc   Section        0  es_timers.o(i.ES_Timer_Init)
    i.ES_Timer_InitTimer                     0x000007c0   Section        0  es_timers.o(i.ES_Timer_InitTimer)
    i.ES_Timer_Tick_Resp                     0x000007fc   Section        0  es_timers.o(i.ES_Timer_Tick_Resp)
    i.GPIODirModeSet                         0x00000868   Section        0  gpio.o(i.GPIODirModeSet)
    i.GPIOPadConfigSet                       0x00000890   Section        0  gpio.o(i.GPIOPadConfigSet)
    i.GPIOPinConfigure                       0x000009cc   Section        0  gpio.o(i.GPIOPinConfigure)
    i.GPIOPinTypeUART                        0x00000a14   Section        0  gpio.o(i.GPIOPinTypeUART)
    i.InitDisarmFSM                          0x00000a30   Section        0  disarmfsm.o(i.InitDisarmFSM)
    i.IntMasterEnable                        0x00000a50   Section        0  interrupt.o(i.IntMasterEnable)
    i.PostDisarmFSM                          0x00000a60   Section        0  disarmfsm.o(i.PostDisarmFSM)
    i.RunDisarmFSM                           0x00000a70   Section        0  disarmfsm.o(i.RunDisarmFSM)
    i.SysCtlClockSet                         0x00001160   Section        0  sysctl.o(i.SysCtlClockSet)
    i.SysCtlPeripheralEnable                 0x00001280   Section        0  sysctl.o(i.SysCtlPeripheralEnable)
    i.SysTickEnable                          0x000012a8   Section        0  systick.o(i.SysTickEnable)
    i.SysTickIntEnable                       0x000012b6   Section        0  systick.o(i.SysTickIntEnable)
    i.SysTickIntHandler                      0x000012c4   Section        0  es_port.o(i.SysTickIntHandler)
    i.SysTickPeriodSet                       0x000012d8   Section        0  systick.o(i.SysTickPeriodSet)
    i.TERMIO_GetChar                         0x000012e2   Section        0  termio.o(i.TERMIO_GetChar)
    i.TERMIO_Init                            0x000012e8   Section        0  termio.o(i.TERMIO_Init)
    i.TERMIO_PutChar                         0x00001338   Section        0  termio.o(i.TERMIO_PutChar)
    i.UARTCharPut                            0x00001344   Section        0  uart.o(i.UARTCharPut)
    i.UARTClockSourceSet                     0x00001350   Section        0  uart.o(i.UARTClockSourceSet)
    i.UARTStdioConfig                        0x00001358   Section        0  uartstdio.o(i.UARTStdioConfig)
    i.UARTgetc                               0x000013b4   Section        0  uartstdio.o(i.UARTgetc)
    i._HW_Process_Pending_Ints               0x000013cc   Section        0  es_port.o(i._HW_Process_Pending_Ints)
    i._HW_Timer_Init                         0x000013ec   Section        0  es_port.o(i._HW_Timer_Init)
    i._sys_exit                              0x00001402   Section        0  retarget.o(i._sys_exit)
    i.ferror                                 0x00001404   Section        0  retarget.o(i.ferror)
    i.fgetc                                  0x0000140a   Section        0  retarget.o(i.fgetc)
    i.fputc                                  0x0000140e   Section        0  retarget.o(i.fputc)
    i.kbhit                                  0x0000141c   Section        0  termio.o(i.kbhit)
    i.main                                   0x00001430   Section        0  main.o(i.main)
    x$fpl$fpinit                             0x000016a0   Section       10  fpinit.o(x$fpl$fpinit)
    $v0                                      0x000016a0   Number         0  fpinit.o(x$fpl$fpinit)
    .constdata                               0x000016ac   Section        4  es_checkevents.o(.constdata)
    ES_EventList                             0x000016ac   Data           4  es_checkevents.o(.constdata)
    .constdata                               0x000016b0   Section       16  es_framework.o(.constdata)
    ServDescList                             0x000016b0   Data           8  es_framework.o(.constdata)
    EventQueues                              0x000016b8   Data           8  es_framework.o(.constdata)
    .constdata                               0x000016c0   Section       32  es_lookuptables.o(.constdata)
    .constdata                               0x000016e0   Section       15  es_lookuptables.o(.constdata)
    .constdata                               0x000016f0   Section       64  es_timers.o(.constdata)
    Timer2PostFunc                           0x000016f0   Data          64  es_timers.o(.constdata)
    .constdata                               0x00001730   Section       28  uartstdio.o(.constdata)
    g_pcHex                                  0x00001730   Data           4  uartstdio.o(.constdata)
    g_ui32UARTBase                           0x00001734   Data          12  uartstdio.o(.constdata)
    g_ui32UARTPeriph                         0x00001740   Data          12  uartstdio.o(.constdata)
    .constdata                               0x0000174c   Section      528  gpio.o(.constdata)
    g_ppui32GPIOIntMapBlizzard               0x0000174c   Data         192  gpio.o(.constdata)
    g_ppui32GPIOIntMapSnowflake              0x0000180c   Data         192  gpio.o(.constdata)
    g_pui32GPIOBaseAddrs                     0x000018cc   Data         144  gpio.o(.constdata)
    .conststring                             0x0000195c   Section       17  uartstdio.o(.conststring)
    .data                                    0x20000000   Section        2  disarmfsm.o(.data)
    CurrentState                             0x20000000   Data           1  disarmfsm.o(.data)
    MyPriority                               0x20000001   Data           1  disarmfsm.o(.data)
    .data                                    0x20000002   Section        6  es_framework.o(.data)
    ThisEvent                                0x20000004   Data           4  es_framework.o(.data)
    .data                                    0x20000008   Section        4  es_port.o(.data)
    TickCount                                0x20000008   Data           1  es_port.o(.data)
    SysTickCounter                           0x2000000a   Data           2  es_port.o(.data)
    .data                                    0x2000000c   Section        4  es_queue.o(.data)
    .data                                    0x20000010   Section       10  es_timers.o(.data)
    NextTimer2Process                        0x20000010   Data           1  es_timers.o(.data)
    NeedsProcessing                          0x20000012   Data           2  es_timers.o(.data)
    TMR_ActiveFlags                          0x20000014   Data           2  es_timers.o(.data)
    NewEvent                                 0x20000016   Data           4  es_timers.o(.data)
    .data                                    0x2000001c   Section        4  retarget.o(.data)
    .data                                    0x20000020   Section        4  retarget.o(.data)
    .data                                    0x20000024   Section        8  uartstdio.o(.data)
    bLastWasCR                               0x20000024   Data           1  uartstdio.o(.data)
    g_ui32Base                               0x20000028   Data           4  uartstdio.o(.data)
    .bss                                     0x2000002c   Section       24  es_framework.o(.bss)
    Queue0                                   0x2000002c   Data          24  es_framework.o(.bss)
    .bss                                     0x20000044   Section       32  es_timers.o(.bss)
    TMR_TimerArray                           0x20000044   Data          32  es_timers.o(.bss)
    .bss                                     0x20000064   Section       96  libspace.o(.bss)
    HEAP                                     0x200000c8   Section        0  startup_rvmdk.o(HEAP)
    STACK                                    0x200000c8   Section     2048  startup_rvmdk.o(STACK)
    HeapMem                                  0x200000c8   Data           0  startup_rvmdk.o(HEAP)
    StackMem                                 0x200000c8   Data           0  startup_rvmdk.o(STACK)

    Global Symbols

    Symbol Name                              Value     Ov Type        Size  Object(Section)

    BuildAttributes$$THM_ISAv4$E$P$D$K$B$S$7EM$VFPi3$EXTD16$VFPS$VFMA$PE$A:L22UL41UL21$X:L11$S22US41US21$IEEE1$IW$USESV6$~STKCKD$USESV7$~SHL$OTIME$ROPI$EBA8$UX$STANDARDLIB$REQ8$PRES8$EABIv2 0x00000000   Number         0  anon$$obj.o ABSOLUTE
    __ARM_use_no_argv                        0x00000000   Number         0  main.o ABSOLUTE
    __Vectors                                0x00000000   Data           0  startup_rvmdk.o(RESET)
    __ARM_exceptions_init                     - Undefined Weak Reference
    __alloca_initialize                       - Undefined Weak Reference
    __cpp_initialize__aeabi_                  - Undefined Weak Reference
    __cxa_finalize                            - Undefined Weak Reference
    __rt_locale                               - Undefined Weak Reference
    __sigvec_lookup                           - Undefined Weak Reference
    _atexit_init                              - Undefined Weak Reference
    _call_atexit_fns                          - Undefined Weak Reference
    _clock_init                               - Undefined Weak Reference
    _fp_trap_init                             - Undefined Weak Reference
    _fp_trap_shutdown                         - Undefined Weak Reference
    _get_lc_collate                           - Undefined Weak Reference
    _get_lc_ctype                             - Undefined Weak Reference
    _get_lc_monetary                          - Undefined Weak Reference
    _get_lc_numeric                           - Undefined Weak Reference
    _get_lc_time                              - Undefined Weak Reference
    _getenv_init                              - Undefined Weak Reference
    _handle_redirection                       - Undefined Weak Reference
    _init_alloc                               - Undefined Weak Reference
    _init_user_alloc                          - Undefined Weak Reference
    _initio                                   - Undefined Weak Reference
    _printf_mbtowc                            - Undefined Weak Reference
    _printf_post_padding                      - Undefined Weak Reference
    _printf_pre_padding                       - Undefined Weak Reference
    _rand_init                                - Undefined Weak Reference
    _signal_finish                            - Undefined Weak Reference
    _signal_init                              - Undefined Weak Reference
    _terminate_alloc                          - Undefined Weak Reference
    _terminate_user_alloc                     - Undefined Weak Reference
    _terminateio                              - Undefined Weak Reference
    Reset_Handler                            0x0000026d   Thumb Code     0  startup_rvmdk.o(RESET)
    __main                                   0x00000289   Thumb Code     8  __main.o(!!!main)
    __scatterload                            0x00000291   Thumb Code     0  __scatter.o(!!!scatter)
    __scatterload_rt2                        0x00000291   Thumb Code    44  __scatter.o(!!!scatter)
    __scatterload_rt2_thumb_only             0x00000291   Thumb Code     0  __scatter.o(!!!scatter)
    __scatterload_null                       0x0000029f   Thumb Code     0  __scatter.o(!!!scatter)
    __scatterload_copy                       0x000002c5   Thumb Code    26  __scatter_copy.o(!!handler_copy)
    __scatterload_zeroinit                   0x000002e1   Thumb Code    28  __scatter_zi.o(!!handler_zi)
    _printf_percent                          0x000002fd   Thumb Code     0  _printf_percent.o(.ARM.Collect$$_printf_percent$$00000000)
    _printf_s                                0x000002fd   Thumb Code     0  _printf_s.o(.ARM.Collect$$_printf_percent$$00000014)
    _printf_percent_end                      0x00000303   Thumb Code     0  _printf_percent_end.o(.ARM.Collect$$_printf_percent$$00000017)
    __rt_lib_init                            0x00000307   Thumb Code     0  libinit.o(.ARM.Collect$$libinit$$00000000)
    __rt_lib_init_fp_1                       0x00000309   Thumb Code     0  libinit2.o(.ARM.Collect$$libinit$$00000001)
    __rt_lib_init_alloca_1                   0x0000030d   Thumb Code     0  libinit2.o(.ARM.Collect$$libinit$$0000002C)
    __rt_lib_init_argv_1                     0x0000030d   Thumb Code     0  libinit2.o(.ARM.Collect$$libinit$$0000002A)
    __rt_lib_init_atexit_1                   0x0000030d   Thumb Code     0  libinit2.o(.ARM.Collect$$libinit$$00000019)
    __rt_lib_init_clock_1                    0x0000030d   Thumb Code     0  libinit2.o(.ARM.Collect$$libinit$$0000001F)
    __rt_lib_init_cpp_1                      0x0000030d   Thumb Code     0  libinit2.o(.ARM.Collect$$libinit$$00000030)
    __rt_lib_init_exceptions_1               0x0000030d   Thumb Code     0  libinit2.o(.ARM.Collect$$libinit$$0000002E)
    __rt_lib_init_fp_trap_1                  0x0000030d   Thumb Code     0  libinit2.o(.ARM.Collect$$libinit$$0000001D)
    __rt_lib_init_getenv_1                   0x0000030d   Thumb Code     0  libinit2.o(.ARM.Collect$$libinit$$00000021)
    __rt_lib_init_heap_1                     0x0000030d   Thumb Code     0  libinit2.o(.ARM.Collect$$libinit$$00000008)
    __rt_lib_init_lc_collate_1               0x0000030d   Thumb Code     0  libinit2.o(.ARM.Collect$$libinit$$0000000F)
    __rt_lib_init_lc_ctype_1                 0x0000030d   Thumb Code     0  libinit2.o(.ARM.Collect$$libinit$$00000011)
    __rt_lib_init_lc_monetary_1              0x0000030d   Thumb Code     0  libinit2.o(.ARM.Collect$$libinit$$00000013)
    __rt_lib_init_lc_numeric_1               0x0000030d   Thumb Code     0  libinit2.o(.ARM.Collect$$libinit$$00000015)
    __rt_lib_init_lc_time_1                  0x0000030d   Thumb Code     0  libinit2.o(.ARM.Collect$$libinit$$00000017)
    __rt_lib_init_rand_1                     0x0000030d   Thumb Code     0  libinit2.o(.ARM.Collect$$libinit$$0000000C)
    __rt_lib_init_return                     0x0000030d   Thumb Code     0  libinit2.o(.ARM.Collect$$libinit$$00000031)
    __rt_lib_init_signal_1                   0x0000030d   Thumb Code     0  libinit2.o(.ARM.Collect$$libinit$$0000001B)
    __rt_lib_init_stdio_1                    0x0000030d   Thumb Code     0  libinit2.o(.ARM.Collect$$libinit$$00000023)
    __rt_lib_init_user_alloc_1               0x0000030d   Thumb Code     0  libinit2.o(.ARM.Collect$$libinit$$0000000A)
    __rt_lib_shutdown                        0x0000030f   Thumb Code     0  libshutdown.o(.ARM.Collect$$libshutdown$$00000000)
    __rt_lib_shutdown_fp_trap_1              0x00000311   Thumb Code     0  libshutdown2.o(.ARM.Collect$$libshutdown$$00000006)
    __rt_lib_shutdown_heap_1                 0x00000311   Thumb Code     0  libshutdown2.o(.ARM.Collect$$libshutdown$$0000000E)
    __rt_lib_shutdown_return                 0x00000311   Thumb Code     0  libshutdown2.o(.ARM.Collect$$libshutdown$$0000000F)
    __rt_lib_shutdown_signal_1               0x00000311   Thumb Code     0  libshutdown2.o(.ARM.Collect$$libshutdown$$00000009)
    __rt_lib_shutdown_stdio_1                0x00000311   Thumb Code     0  libshutdown2.o(.ARM.Collect$$libshutdown$$00000003)
    __rt_lib_shutdown_user_alloc_1           0x00000311   Thumb Code     0  libshutdown2.o(.ARM.Collect$$libshutdown$$0000000B)
    __rt_entry                               0x00000313   Thumb Code     0  rtentry.o(.ARM.Collect$$rtentry$$00000000)
    __rt_entry_presh_1                       0x00000313   Thumb Code     0  rtentry2.o(.ARM.Collect$$rtentry$$00000002)
    __rt_entry_sh                            0x00000313   Thumb Code     0  rtentry4.o(.ARM.Collect$$rtentry$$00000004)
    __rt_entry_li                            0x00000319   Thumb Code     0  rtentry2.o(.ARM.Collect$$rtentry$$0000000A)
    __rt_entry_postsh_1                      0x00000319   Thumb Code     0  rtentry2.o(.ARM.Collect$$rtentry$$00000009)
    __rt_entry_main                          0x0000031d   Thumb Code     0  rtentry2.o(.ARM.Collect$$rtentry$$0000000D)
    __rt_entry_postli_1                      0x0000031d   Thumb Code     0  rtentry2.o(.ARM.Collect$$rtentry$$0000000C)
    __rt_exit                                0x00000325   Thumb Code     0  rtexit.o(.ARM.Collect$$rtexit$$00000000)
    __rt_exit_ls                             0x00000327   Thumb Code     0  rtexit2.o(.ARM.Collect$$rtexit$$00000003)
    __rt_exit_prels_1                        0x00000327   Thumb Code     0  rtexit2.o(.ARM.Collect$$rtexit$$00000002)
    __rt_exit_exit                           0x0000032b   Thumb Code     0  rtexit2.o(.ARM.Collect$$rtexit$$00000004)
    SysCtlDelay                              0x00000331   Thumb Code     6  sysctl.o(.emb_text)
    CPUcpsid                                 0x00000339   Thumb Code     8  cpu.o(.emb_text)
    CPUprimask                               0x00000341   Thumb Code     6  cpu.o(.emb_text)
    CPUcpsie                                 0x00000347   Thumb Code     8  cpu.o(.emb_text)
    CPUwfi                                   0x0000034f   Thumb Code     4  cpu.o(.emb_text)
    CPUbasepriSet                            0x00000353   Thumb Code     6  cpu.o(.emb_text)
    CPUbasepriGet                            0x00000359   Thumb Code     6  cpu.o(.emb_text)
    __user_initial_stackheap                 0x00000361   Thumb Code     0  startup_rvmdk.o(.text)
    __I$use$semihosting                      0x00000379   Thumb Code     0  use_no_semi.o(.text)
    __use_no_semihosting_swi                 0x00000379   Thumb Code     2  use_no_semi.o(.text)
    __2printf                                0x0000037d   Thumb Code    20  noretval__2printf.o(.text)
    __printf                                 0x00000395   Thumb Code   104  __printf.o(.text)
    _printf_str                              0x000003fd   Thumb Code    82  _printf_str.o(.text)
    getc                                     0x0000044f   Thumb Code     4  getc.o(.text)
    puts                                     0x00000455   Thumb Code    40  puts.o(.text)
    __use_two_region_memory                  0x00000481   Thumb Code     2  heapauxi.o(.text)
    __rt_heap_escrow$2region                 0x00000483   Thumb Code     2  heapauxi.o(.text)
    __rt_heap_expand$2region                 0x00000485   Thumb Code     2  heapauxi.o(.text)
    _printf_cs_common                        0x00000487   Thumb Code    20  _printf_char.o(.text)
    _printf_char                             0x0000049b   Thumb Code    16  _printf_char.o(.text)
    _printf_string                           0x000004ab   Thumb Code     8  _printf_char.o(.text)
    _printf_char_file                        0x000004b5   Thumb Code    32  _printf_char_file.o(.text)
    _printf_char_common                      0x000004e3   Thumb Code    32  _printf_char_common.o(.text)
    __user_setup_stackheap                   0x00000509   Thumb Code    74  sys_stackheap_outer.o(.text)
    exit                                     0x00000553   Thumb Code    12  exit.o(.text)
    __user_libspace                          0x00000561   Thumb Code     8  libspace.o(.text)
    __user_perproc_libspace                  0x00000561   Thumb Code     0  libspace.o(.text)
    __user_perthread_libspace                0x00000561   Thumb Code     0  libspace.o(.text)
    CPUgetPRIMASK_cpsid                      0x00000569   Thumb Code     8  es_port.o(i.CPUgetPRIMASK_cpsid)
    CPUsetPRIMASK                            0x00000571   Thumb Code     6  es_port.o(i.CPUsetPRIMASK)
    Check4Keystroke                          0x00000579   Thumb Code    92  eventcheckers.o(i.Check4Keystroke)
    ES_CheckUserEvents                       0x000005d9   Thumb Code    34  es_checkevents.o(i.ES_CheckUserEvents)
    ES_DeQueue                               0x00000601   Thumb Code    80  es_queue.o(i.ES_DeQueue)
    ES_EnQueueFIFO                           0x00000655   Thumb Code    66  es_queue.o(i.ES_EnQueueFIFO)
    ES_GetMSBitSet                           0x0000069d   Thumb Code    48  es_lookuptables.o(i.ES_GetMSBitSet)
    ES_InitQueue                             0x000006d1   Thumb Code    16  es_queue.o(i.ES_InitQueue)
    ES_Initialize                            0x000006e1   Thumb Code    72  es_framework.o(i.ES_Initialize)
    ES_PostToService                         0x0000072d   Thumb Code    34  es_framework.o(i.ES_PostToService)
    ES_Run                                   0x0000075d   Thumb Code    84  es_framework.o(i.ES_Run)
    ES_Timer_Init                            0x000007bd   Thumb Code     4  es_timers.o(i.ES_Timer_Init)
    ES_Timer_InitTimer                       0x000007c1   Thumb Code    44  es_timers.o(i.ES_Timer_InitTimer)
    ES_Timer_Tick_Resp                       0x000007fd   Thumb Code    90  es_timers.o(i.ES_Timer_Tick_Resp)
    GPIODirModeSet                           0x00000869   Thumb Code    40  gpio.o(i.GPIODirModeSet)
    GPIOPadConfigSet                         0x00000891   Thumb Code   314  gpio.o(i.GPIOPadConfigSet)
    GPIOPinConfigure                         0x000009cd   Thumb Code    64  gpio.o(i.GPIOPinConfigure)
    GPIOPinTypeUART                          0x00000a15   Thumb Code    28  gpio.o(i.GPIOPinTypeUART)
    InitDisarmFSM                            0x00000a31   Thumb Code    28  disarmfsm.o(i.InitDisarmFSM)
    IntMasterEnable                          0x00000a51   Thumb Code    14  interrupt.o(i.IntMasterEnable)
    PostDisarmFSM                            0x00000a61   Thumb Code    10  disarmfsm.o(i.PostDisarmFSM)
    RunDisarmFSM                             0x00000a71   Thumb Code  1434  disarmfsm.o(i.RunDisarmFSM)
    SysCtlClockSet                           0x00001161   Thumb Code   270  sysctl.o(i.SysCtlClockSet)
    SysCtlPeripheralEnable                   0x00001281   Thumb Code    36  sysctl.o(i.SysCtlPeripheralEnable)
    SysTickEnable                            0x000012a9   Thumb Code    14  systick.o(i.SysTickEnable)
    SysTickIntEnable                         0x000012b7   Thumb Code    14  systick.o(i.SysTickIntEnable)
    SysTickIntHandler                        0x000012c5   Thumb Code    16  es_port.o(i.SysTickIntHandler)
    SysTickPeriodSet                         0x000012d9   Thumb Code    10  systick.o(i.SysTickPeriodSet)
    TERMIO_GetChar                           0x000012e3   Thumb Code     4  termio.o(i.TERMIO_GetChar)
    TERMIO_Init                              0x000012e9   Thumb Code    62  termio.o(i.TERMIO_Init)
    TERMIO_PutChar                           0x00001339   Thumb Code     8  termio.o(i.TERMIO_PutChar)
    UARTCharPut                              0x00001345   Thumb Code    12  uart.o(i.UARTCharPut)
    UARTClockSourceSet                       0x00001351   Thumb Code     6  uart.o(i.UARTClockSourceSet)
    UARTStdioConfig                          0x00001359   Thumb Code    82  uartstdio.o(i.UARTStdioConfig)
    UARTgetc                                 0x000013b5   Thumb Code    20  uartstdio.o(i.UARTgetc)
    _HW_Process_Pending_Ints                 0x000013cd   Thumb Code    26  es_port.o(i._HW_Process_Pending_Ints)
    _HW_Timer_Init                           0x000013ed   Thumb Code    22  es_port.o(i._HW_Timer_Init)
    _sys_exit                                0x00001403   Thumb Code     2  retarget.o(i._sys_exit)
    ferror                                   0x00001405   Thumb Code     6  retarget.o(i.ferror)
    fgetc                                    0x0000140b   Thumb Code     4  retarget.o(i.fgetc)
    fputc                                    0x0000140f   Thumb Code    14  retarget.o(i.fputc)
    kbhit                                    0x0000141d   Thumb Code    16  termio.o(i.kbhit)
    main                                     0x00001431   Thumb Code   120  main.o(i.main)
    _fp_init                                 0x000016a1   Thumb Code    10  fpinit.o(x$fpl$fpinit)
    __fplib_config_fpu_vfp                   0x000016a9   Thumb Code     0  fpinit.o(x$fpl$fpinit)
    __fplib_config_pureend_doubles           0x000016a9   Thumb Code     0  fpinit.o(x$fpl$fpinit)
    BitNum2SetMask                           0x000016c0   Data          32  es_lookuptables.o(.constdata)
    Nybble2MSBitNum                          0x000016e0   Data          15  es_lookuptables.o(.constdata)
    Region$$Table$$Base                      0x00001970   Number         0  anon$$obj.o(Region$$Table)
    Region$$Table$$Limit                     0x00001990   Number         0  anon$$obj.o(Region$$Table)
    Ready                                    0x20000002   Data           2  es_framework.o(.data)
    _PRIMASK_temp                            0x2000000c   Data           4  es_queue.o(.data)
    __stdout                                 0x2000001c   Data           4  retarget.o(.data)
    __stdin                                  0x20000020   Data           4  retarget.o(.data)
    __libspace_start                         0x20000064   Data          96  libspace.o(.bss)
    __temporary_stack_top$libspace           0x200000c4   Data           0  libspace.o(.bss)



==============================================================================

Memory Map of the image

  Image Entry point : 0x0000026d

  Load Region LR_IROM1 (Base: 0x00000000, Size: 0x000019bc, Max: 0x00040000, ABSOLUTE)

    Execution Region ER_IROM1 (Base: 0x00000000, Size: 0x00001990, Max: 0x00040000, ABSOLUTE)

    Base Addr    Size         Type   Attr      Idx    E Section Name        Object

    0x00000000   0x00000288   Code   RO          141  * RESET               startup_rvmdk.o
    0x00000288   0x00000008   Code   RO         1755  * !!!main             c_w.l(__main.o)
    0x00000290   0x00000034   Code   RO         1912    !!!scatter          c_w.l(__scatter.o)
    0x000002c4   0x0000001a   Code   RO         1914    !!handler_copy      c_w.l(__scatter_copy.o)
    0x000002de   0x00000002   PAD
    0x000002e0   0x0000001c   Code   RO         1916    !!handler_zi        c_w.l(__scatter_zi.o)
    0x000002fc   0x00000000   Code   RO         1748    .ARM.Collect$$_printf_percent$$00000000  c_w.l(_printf_percent.o)
    0x000002fc   0x00000006   Code   RO         1747    .ARM.Collect$$_printf_percent$$00000014  c_w.l(_printf_s.o)
    0x00000302   0x00000004   Code   RO         1762    .ARM.Collect$$_printf_percent$$00000017  c_w.l(_printf_percent_end.o)
    0x00000306   0x00000002   Code   RO         1791    .ARM.Collect$$libinit$$00000000  c_w.l(libinit.o)
    0x00000308   0x00000004   Code   RO         1797    .ARM.Collect$$libinit$$00000001  c_w.l(libinit2.o)
    0x0000030c   0x00000000   Code   RO         1801    .ARM.Collect$$libinit$$00000008  c_w.l(libinit2.o)
    0x0000030c   0x00000000   Code   RO         1803    .ARM.Collect$$libinit$$0000000A  c_w.l(libinit2.o)
    0x0000030c   0x00000000   Code   RO         1805    .ARM.Collect$$libinit$$0000000C  c_w.l(libinit2.o)
    0x0000030c   0x00000000   Code   RO         1808    .ARM.Collect$$libinit$$0000000F  c_w.l(libinit2.o)
    0x0000030c   0x00000000   Code   RO         1810    .ARM.Collect$$libinit$$00000011  c_w.l(libinit2.o)
    0x0000030c   0x00000000   Code   RO         1812    .ARM.Collect$$libinit$$00000013  c_w.l(libinit2.o)
    0x0000030c   0x00000000   Code   RO         1814    .ARM.Collect$$libinit$$00000015  c_w.l(libinit2.o)
    0x0000030c   0x00000000   Code   RO         1816    .ARM.Collect$$libinit$$00000017  c_w.l(libinit2.o)
    0x0000030c   0x00000000   Code   RO         1818    .ARM.Collect$$libinit$$00000019  c_w.l(libinit2.o)
    0x0000030c   0x00000000   Code   RO         1820    .ARM.Collect$$libinit$$0000001B  c_w.l(libinit2.o)
    0x0000030c   0x00000000   Code   RO         1822    .ARM.Collect$$libinit$$0000001D  c_w.l(libinit2.o)
    0x0000030c   0x00000000   Code   RO         1824    .ARM.Collect$$libinit$$0000001F  c_w.l(libinit2.o)
    0x0000030c   0x00000000   Code   RO         1826    .ARM.Collect$$libinit$$00000021  c_w.l(libinit2.o)
    0x0000030c   0x00000000   Code   RO         1828    .ARM.Collect$$libinit$$00000023  c_w.l(libinit2.o)
    0x0000030c   0x00000000   Code   RO         1832    .ARM.Collect$$libinit$$0000002A  c_w.l(libinit2.o)
    0x0000030c   0x00000000   Code   RO         1834    .ARM.Collect$$libinit$$0000002C  c_w.l(libinit2.o)
    0x0000030c   0x00000000   Code   RO         1836    .ARM.Collect$$libinit$$0000002E  c_w.l(libinit2.o)
    0x0000030c   0x00000000   Code   RO         1838    .ARM.Collect$$libinit$$00000030  c_w.l(libinit2.o)
    0x0000030c   0x00000002   Code   RO         1839    .ARM.Collect$$libinit$$00000031  c_w.l(libinit2.o)
    0x0000030e   0x00000002   Code   RO         1857    .ARM.Collect$$libshutdown$$00000000  c_w.l(libshutdown.o)
    0x00000310   0x00000000   Code   RO         1868    .ARM.Collect$$libshutdown$$00000003  c_w.l(libshutdown2.o)
    0x00000310   0x00000000   Code   RO         1871    .ARM.Collect$$libshutdown$$00000006  c_w.l(libshutdown2.o)
    0x00000310   0x00000000   Code   RO         1874    .ARM.Collect$$libshutdown$$00000009  c_w.l(libshutdown2.o)
    0x00000310   0x00000000   Code   RO         1876    .ARM.Collect$$libshutdown$$0000000B  c_w.l(libshutdown2.o)
    0x00000310   0x00000000   Code   RO         1879    .ARM.Collect$$libshutdown$$0000000E  c_w.l(libshutdown2.o)
    0x00000310   0x00000002   Code   RO         1880    .ARM.Collect$$libshutdown$$0000000F  c_w.l(libshutdown2.o)
    0x00000312   0x00000000   Code   RO         1757    .ARM.Collect$$rtentry$$00000000  c_w.l(rtentry.o)
    0x00000312   0x00000000   Code   RO         1764    .ARM.Collect$$rtentry$$00000002  c_w.l(rtentry2.o)
    0x00000312   0x00000006   Code   RO         1776    .ARM.Collect$$rtentry$$00000004  c_w.l(rtentry4.o)
    0x00000318   0x00000000   Code   RO         1766    .ARM.Collect$$rtentry$$00000009  c_w.l(rtentry2.o)
    0x00000318   0x00000004   Code   RO         1767    .ARM.Collect$$rtentry$$0000000A  c_w.l(rtentry2.o)
    0x0000031c   0x00000000   Code   RO         1769    .ARM.Collect$$rtentry$$0000000C  c_w.l(rtentry2.o)
    0x0000031c   0x00000008   Code   RO         1770    .ARM.Collect$$rtentry$$0000000D  c_w.l(rtentry2.o)
    0x00000324   0x00000002   Code   RO         1795    .ARM.Collect$$rtexit$$00000000  c_w.l(rtexit.o)
    0x00000326   0x00000000   Code   RO         1841    .ARM.Collect$$rtexit$$00000002  c_w.l(rtexit2.o)
    0x00000326   0x00000004   Code   RO         1842    .ARM.Collect$$rtexit$$00000003  c_w.l(rtexit2.o)
    0x0000032a   0x00000006   Code   RO         1843    .ARM.Collect$$rtexit$$00000004  c_w.l(rtexit2.o)
    0x00000330   0x00000006   Code   RO         1011    .emb_text           driverlib.lib(sysctl.o)
    0x00000336   0x00000002   PAD
    0x00000338   0x00000026   Code   RO         1705    .emb_text           driverlib.lib(cpu.o)
    0x0000035e   0x00000002   PAD
    0x00000360   0x00000018   Code   RO          142    .text               startup_rvmdk.o
    0x00000378   0x00000002   Code   RO         1717    .text               c_w.l(use_no_semi.o)
    0x0000037a   0x00000002   PAD
    0x0000037c   0x00000018   Code   RO         1721    .text               c_w.l(noretval__2printf.o)
    0x00000394   0x00000068   Code   RO         1723    .text               c_w.l(__printf.o)
    0x000003fc   0x00000052   Code   RO         1725    .text               c_w.l(_printf_str.o)
    0x0000044e   0x00000004   Code   RO         1749    .text               c_w.l(getc.o)
    0x00000452   0x00000002   PAD
    0x00000454   0x0000002c   Code   RO         1751    .text               c_w.l(puts.o)
    0x00000480   0x00000006   Code   RO         1753    .text               c_w.l(heapauxi.o)
    0x00000486   0x0000002c   Code   RO         1758    .text               c_w.l(_printf_char.o)
    0x000004b2   0x00000002   PAD
    0x000004b4   0x00000024   Code   RO         1760    .text               c_w.l(_printf_char_file.o)
    0x000004d8   0x00000030   Code   RO         1778    .text               c_w.l(_printf_char_common.o)
    0x00000508   0x0000004a   Code   RO         1780    .text               c_w.l(sys_stackheap_outer.o)
    0x00000552   0x0000000c   Code   RO         1784    .text               c_w.l(exit.o)
    0x0000055e   0x00000002   PAD
    0x00000560   0x00000008   Code   RO         1792    .text               c_w.l(libspace.o)
    0x00000568   0x00000008   Code   RO          276    i.CPUgetPRIMASK_cpsid  es_port.o
    0x00000570   0x00000006   Code   RO          282    i.CPUsetPRIMASK     es_port.o
    0x00000576   0x00000002   PAD
    0x00000578   0x00000060   Code   RO           86    i.Check4Keystroke   eventcheckers.o
    0x000005d8   0x00000028   Code   RO          148    i.ES_CheckUserEvents  es_checkevents.o
    0x00000600   0x00000054   Code   RO          326    i.ES_DeQueue        es_queue.o
    0x00000654   0x00000048   Code   RO          327    i.ES_EnQueueFIFO    es_queue.o
    0x0000069c   0x00000034   Code   RO          225    i.ES_GetMSBitSet    es_lookuptables.o
    0x000006d0   0x00000010   Code   RO          329    i.ES_InitQueue      es_queue.o
    0x000006e0   0x0000004c   Code   RO          180    i.ES_Initialize     es_framework.o
    0x0000072c   0x00000030   Code   RO          182    i.ES_PostToService  es_framework.o
    0x0000075c   0x00000060   Code   RO          184    i.ES_Run            es_framework.o
    0x000007bc   0x00000004   Code   RO          370    i.ES_Timer_Init     es_timers.o
    0x000007c0   0x0000003c   Code   RO          371    i.ES_Timer_InitTimer  es_timers.o
    0x000007fc   0x0000006c   Code   RO          375    i.ES_Timer_Tick_Resp  es_timers.o
    0x00000868   0x00000028   Code   RO          574    i.GPIODirModeSet    driverlib.lib(gpio.o)
    0x00000890   0x0000013a   Code   RO          584    i.GPIOPadConfigSet  driverlib.lib(gpio.o)
    0x000009ca   0x00000002   PAD
    0x000009cc   0x00000048   Code   RO          585    i.GPIOPinConfigure  driverlib.lib(gpio.o)
    0x00000a14   0x0000001c   Code   RO          610    i.GPIOPinTypeUART   driverlib.lib(gpio.o)
    0x00000a30   0x00000020   Code   RO          107    i.InitDisarmFSM     disarmfsm.o
    0x00000a50   0x0000000e   Code   RO          899    i.IntMasterEnable   driverlib.lib(interrupt.o)
    0x00000a5e   0x00000002   PAD
    0x00000a60   0x00000010   Code   RO          108    i.PostDisarmFSM     disarmfsm.o
    0x00000a70   0x000006f0   Code   RO          110    i.RunDisarmFSM      disarmfsm.o
    0x00001160   0x00000120   Code   RO         1016    i.SysCtlClockSet    driverlib.lib(sysctl.o)
    0x00001280   0x00000028   Code   RO         1045    i.SysCtlPeripheralEnable  driverlib.lib(sysctl.o)
    0x000012a8   0x0000000e   Code   RO         1354    i.SysTickEnable     driverlib.lib(systick.o)
    0x000012b6   0x0000000e   Code   RO         1356    i.SysTickIntEnable  driverlib.lib(systick.o)
    0x000012c4   0x00000014   Code   RO          242    i.SysTickIntHandler  es_port.o
    0x000012d8   0x0000000a   Code   RO         1360    i.SysTickPeriodSet  driverlib.lib(systick.o)
    0x000012e2   0x00000004   Code   RO          471    i.TERMIO_GetChar    termio.o
    0x000012e6   0x00000002   PAD
    0x000012e8   0x00000050   Code   RO          472    i.TERMIO_Init       termio.o
    0x00001338   0x0000000c   Code   RO          473    i.TERMIO_PutChar    termio.o
    0x00001344   0x0000000c   Code   RO         1424    i.UARTCharPut       driverlib.lib(uart.o)
    0x00001350   0x00000006   Code   RO         1428    i.UARTClockSourceSet  driverlib.lib(uart.o)
    0x00001356   0x00000002   PAD
    0x00001358   0x0000005c   Code   RO          514    i.UARTStdioConfig   uartstdio.o
    0x000013b4   0x00000018   Code   RO          515    i.UARTgetc          uartstdio.o
    0x000013cc   0x00000020   Code   RO          244    i._HW_Process_Pending_Ints  es_port.o
    0x000013ec   0x00000016   Code   RO          245    i._HW_Timer_Init    es_port.o
    0x00001402   0x00000002   Code   RO          421    i._sys_exit         retarget.o
    0x00001404   0x00000006   Code   RO          423    i.ferror            retarget.o
    0x0000140a   0x00000004   Code   RO          424    i.fgetc             retarget.o
    0x0000140e   0x0000000e   Code   RO          425    i.fputc             retarget.o
    0x0000141c   0x00000014   Code   RO          474    i.kbhit             termio.o
    0x00001430   0x00000270   Code   RO            1    i.main              main.o
    0x000016a0   0x0000000a   Code   RO         1849    x$fpl$fpinit        fz_wm.l(fpinit.o)
    0x000016aa   0x00000002   PAD
    0x000016ac   0x00000004   Data   RO          149    .constdata          es_checkevents.o
    0x000016b0   0x00000010   Data   RO          186    .constdata          es_framework.o
    0x000016c0   0x00000020   Data   RO          226    .constdata          es_lookuptables.o
    0x000016e0   0x0000000f   Data   RO          227    .constdata          es_lookuptables.o
    0x000016ef   0x00000001   PAD
    0x000016f0   0x00000040   Data   RO          377    .constdata          es_timers.o
    0x00001730   0x0000001c   Data   RO          520    .constdata          uartstdio.o
    0x0000174c   0x00000210   Data   RO          617    .constdata          driverlib.lib(gpio.o)
    0x0000195c   0x00000011   Data   RO          521    .conststring        uartstdio.o
    0x0000196d   0x00000003   PAD
    0x00001970   0x00000020   Data   RO         1910    Region$$Table       anon$$obj.o


    Execution Region RW_IRAM1 (Base: 0x20000000, Size: 0x000008c8, Max: 0x00008000, ABSOLUTE)

    Base Addr    Size         Type   Attr      Idx    E Section Name        Object

    0x20000000   0x00000002   Data   RW          111    .data               disarmfsm.o
    0x20000002   0x00000006   Data   RW          187    .data               es_framework.o
    0x20000008   0x00000004   Data   RW          246    .data               es_port.o
    0x2000000c   0x00000004   Data   RW          331    .data               es_queue.o
    0x20000010   0x0000000a   Data   RW          378    .data               es_timers.o
    0x2000001a   0x00000002   PAD
    0x2000001c   0x00000004   Data   RW          426    .data               retarget.o
    0x20000020   0x00000004   Data   RW          427    .data               retarget.o
    0x20000024   0x00000008   Data   RW          522    .data               uartstdio.o
    0x2000002c   0x00000018   Zero   RW          185    .bss                es_framework.o
    0x20000044   0x00000020   Zero   RW          376    .bss                es_timers.o
    0x20000064   0x00000060   Zero   RW         1793    .bss                c_w.l(libspace.o)
    0x200000c4   0x00000004   PAD
    0x200000c8   0x00000000   Zero   RW          140    HEAP                startup_rvmdk.o
    0x200000c8   0x00000800   Zero   RW          139    STACK               startup_rvmdk.o


==============================================================================

Image component sizes


      Code (inc. data)   RO Data    RW Data    ZI Data      Debug   Object Name

      1824       1362          0          2          0       2455   disarmfsm.o
        40          6          4          0          0       1169   es_checkevents.o
       220         30         16          6         24       2840   es_framework.o
        52          4         47          0          0       1278   es_lookuptables.o
        88         10          0          4          0       3386   es_port.o
       172         10          0          4          0       2417   es_queue.o
       172         34         64         10         32       2386   es_timers.o
        96          4          0          0          0       1030   eventcheckers.o
       624        504          0          0          0       9213   main.o
        26          0          0          8          0       3639   retarget.o
       672        636          0          0       2048        548   startup_rvmdk.o
       116         26          0          0          0       1948   termio.o
       116         14         45          8          0       2716   uartstdio.o

    ----------------------------------------------------------------------
      4222       2640        212         44       2104      35025   Object Totals
         0          0         32          0          0          0   (incl. Generated)
         4          0          4          2          0          0   (incl. Padding)

    ----------------------------------------------------------------------

      Code (inc. data)   RO Data    RW Data    ZI Data      Debug   Library Member Name

         8          0          0          0          0         68   __main.o
       104          0          0          0          0         84   __printf.o
        52          8          0          0          0          0   __scatter.o
        26          0          0          0          0          0   __scatter_copy.o
        28          0          0          0          0          0   __scatter_zi.o
        44          0          0          0          0        108   _printf_char.o
        48          6          0          0          0         96   _printf_char_common.o
        36          4          0          0          0         80   _printf_char_file.o
         0          0          0          0          0          0   _printf_percent.o
         4          0          0          0          0          0   _printf_percent_end.o
         6          0          0          0          0          0   _printf_s.o
        82          0          0          0          0         80   _printf_str.o
        12          0          0          0          0         72   exit.o
         4          0          0          0          0         68   getc.o
         6          0          0          0          0        152   heapauxi.o
         2          0          0          0          0          0   libinit.o
         6          0          0          0          0          0   libinit2.o
         2          0          0          0          0          0   libshutdown.o
         2          0          0          0          0          0   libshutdown2.o
         8          4          0          0         96         68   libspace.o
        24          4          0          0          0         84   noretval__2printf.o
        44          4          0          0          0         84   puts.o
         0          0          0          0          0          0   rtentry.o
        12          0          0          0          0          0   rtentry2.o
         6          0          0          0          0          0   rtentry4.o
         2          0          0          0          0          0   rtexit.o
        10          0          0          0          0          0   rtexit2.o
        74          0          0          0          0         80   sys_stackheap_outer.o
         2          0          0          0          0         68   use_no_semi.o
        38          0          0          0          0        504   cpu.o
       454          8        528          0          0       5929   gpio.o
        14          0          0          0          0        450   interrupt.o
       334         22          0          0          0       1550   sysctl.o
        38          0          0          0          0       1218   systick.o
        18          0          0          0          0        867   uart.o
        10          0          0          0          0        116   fpinit.o

    ----------------------------------------------------------------------
      1582         60        528          0        100      11826   Library Totals
        22          0          0          0          4          0   (incl. Padding)

    ----------------------------------------------------------------------

      Code (inc. data)   RO Data    RW Data    ZI Data      Debug   Library Name

       654         30          0          0         96       1192   c_w.l
       896         30        528          0          0      10518   driverlib.lib
        10          0          0          0          0        116   fz_wm.l

    ----------------------------------------------------------------------
      1582         60        528          0        100      11826   Library Totals

    ----------------------------------------------------------------------

==============================================================================


      Code (inc. data)   RO Data    RW Data    ZI Data      Debug   

      5804       2700        740         44       2204      42531   Grand Totals
      5804       2700        740         44       2204      42531   ELF Image Totals
      5804       2700        740         44          0          0   ROM Totals

==============================================================================

    Total RO  Size (Code + RO Data)                 6544 (   6.39kB)
    Total RW  Size (RW Data + ZI Data)              2248 (   2.20kB)
    Total ROM Size (Code + RO Data + RW Data)       6588 (   6.43kB)

==============================================================================

