<html>
<body>
<pre>
<h1>µVision Build Log</h1>
<h2>Project:</h2>
U:\kayoy519\Project\ME218A Project Framework Nov 19\ProjectFramework.uvproj
Project File Date:  11/22/2014

<h2>Output:</h2>
Rebuild target 'BaseFrameworkTarget'
compiling main.c...
compiling EventCheckers.c...
compiling DisarmFSM.c...
compiling EnablePA25_PB23_PD7_PF0.c...
compiling PWMTiva.c...
compiling Servos.c...
compiling TapeSensor.c...
compiling ADCSWTrigger.c...
compiling DCmotors.c...
compiling LEDs.c...
compiling SlotDetector.c...
compiling KeyPadSM.c...
compiling LCD.c...
compiling KeyPadFSM.c...
compiling helperFunctions.c...
compiling passwordGenerator.c...
compiling ArmedLine.c...
compiling AdafruitAudioService.c...
assembling startup_rvmdk.S...
compiling ES_CheckEvents.c...
compiling ES_DeferRecall.c...
compiling ES_Framework.c...
compiling ES_LookupTables.c...
compiling ES_Port.c...
compiling ES_PostList.c...
compiling ES_Queue.c...
compiling ES_Timers.c...
compiling retarget.c...
compiling termio.c...
compiling uartstdio.c...
linking...
Program Size: Code=21524 RO-data=1484 RW-data=164 ZI-data=2540  
After Build - User command #1: fromelf --bin --output .\Outputs\BaseTarget.bin .\Outputs\BaseTarget.axf
".\Outputs\BaseTarget.axf" - 0 Error(s), 0 Warning(s).
Load "U:\\kayoy519\\Project\\ME218A Project Framework Nov 19\\Outputs\\BaseTarget.axf" 
Connecting: Mode=JTAG, Speed=1000000Hz
Connection failed!, error code=&d
Error: Flash Download failed  -  Target DLL has been cancelled
Load "U:\\kayoy519\\Project\\ME218A Project Framework Nov 19\\Outputs\\BaseTarget.axf" 
Connecting: Mode=JTAG, Speed=1000000Hz
Erase Done.
Programming Done.
Verify OK.
