<html>
<body>
<pre>
<h1>µVision Build Log</h1>
<h2>Project:</h2>
U:\kmoy\ME218A Project\Project Edit Nov 18\ProjectFramework.uvproj
Project File Date:  11/19/2014

<h2>Output:</h2>
Build target 'BaseFrameworkTarget'
compiling DisarmFSM.c...
linking...
Program Size: Code=21264 RO-data=1468 RW-data=164 ZI-data=2452  
After Build - User command #1: fromelf --bin --output .\Outputs\BaseTarget.bin .\Outputs\BaseTarget.axf
".\Outputs\BaseTarget.axf" - 0 Error(s), 0 Warning(s).
Load "U:\\kmoy\\ME218A Project\\Project Edit Nov 18\\Outputs\\BaseTarget.axf" 
Connecting: Mode=JTAG, Speed=1000000Hz
Erase Done.
Programming Done.
Verify OK.
...
compiling AudioControl.c...
compiling ArmedLine.c...
assembling startup_rvmdk.S...
compiling ES_CheckEvents.c...
compiling ES_DeferRecall.c...
compiling ES_Framework.c...
compiling ES_LookupTables.c...
compiling ES_Port.c...
compiling ES_PostList.c...
compiling ES_Queue.c...
compiling ES_Timers.c...
compiling retarget.c...
compiling termio.c...
compiling uartstdio.c...
linking...
Program Size: Code=21264 RO-data=1468 RW-data=164 ZI-data=2452  
After Build - User command #1: fromelf --bin --output .\Outputs\BaseTarget.bin .\Outputs\BaseTarget.axf
".\Outputs\BaseTarget.axf" - 0 Error(s), 0 Warning(s).
Load "U:\\kmoy\\ME218A Project\\Project Edit Nov 18\\Outputs\\BaseTarget.axf" 
Connecting: Mode=JTAG, Speed=1000000Hz
Erase Done.
Programming Done.
Verify OK.
Load "U:\\kmoy\\ME218A Project\\Project Edit Nov 18\\Outputs\\BaseTarget.axf" 
Connecting: Mode=JTAG, Speed=1000000Hz
Erase Done.
Programming Done.
Verify OK.
d 4 error messages.
".\Outputs\BaseTarget.axf" - 4 Error(s), 0 Warning(s).
Target not created
